::ffff:192.168.1.134 - - [19/Dec/2022:01:16:33 +0000] "GET /api/v1/buildings HTTP/1.1" 304 - "-" "okhttp/4.9.2"
::ffff:192.168.1.134 - - [19/Dec/2022:01:16:35 +0000] "GET /api/v1/units HTTP/1.1" 200 11098 "-" "okhttp/4.9.2"
::ffff:192.168.1.134 - - [19/Dec/2022:01:16:39 +0000] "GET /api/v1/buildings HTTP/1.1" 304 - "-" "okhttp/4.9.2"
::ffff:192.168.1.134 - - [19/Dec/2022:01:17:39 +0000] "POST /api/v1/units HTTP/1.1" 200 310 "-" "okhttp/4.9.2"
::ffff:192.168.1.134 - - [19/Dec/2022:01:20:26 +0000] "GET /api/v1/projects HTTP/1.1" 304 - "-" "okhttp/4.9.2"
::ffff:192.168.1.134 - - [19/Dec/2022:01:20:26 +0000] "GET /api/v1/buildings HTTP/1.1" 304 - "-" "okhttp/4.9.2"
::ffff:192.168.1.134 - - [19/Dec/2022:01:20:33 +0000] "GET /api/v1/units HTTP/1.1" 200 11348 "-" "okhttp/4.9.2"
::ffff:192.168.1.134 - - [19/Dec/2022:01:20:36 +0000] "GET /api/v1/buildings HTTP/1.1" 304 - "-" "okhttp/4.9.2"
::ffff:192.168.1.134 - - [19/Dec/2022:01:20:46 +0000] "POST /api/v1/units HTTP/1.1" 200 308 "-" "okhttp/4.9.2"
::ffff:192.168.1.134 - - [19/Dec/2022:01:23:27 +0000] "GET /api/v1/buildings HTTP/1.1" 304 - "-" "okhttp/4.9.2"
::ffff:192.168.1.134 - - [19/Dec/2022:01:23:41 +0000] "GET /api/v1/units HTTP/1.1" 200 11596 "-" "okhttp/4.9.2"
::ffff:192.168.1.134 - - [19/Dec/2022:01:23:42 +0000] "GET /api/v1/units/639fbc6d9ab8f7026f054359 HTTP/1.1" 200 300 "-" "okhttp/4.9.2"
::ffff:192.168.1.134 - - [19/Dec/2022:01:36:19 +0000] "GET /api/v1/buildings HTTP/1.1" 304 - "-" "okhttp/4.9.2"
::ffff:192.168.1.134 - - [19/Dec/2022:01:36:23 +0000] "GET /api/v1/units HTTP/1.1" 304 - "-" "okhttp/4.9.2"
::ffff:192.168.1.134 - - [19/Dec/2022:01:36:25 +0000] "GET /api/v1/units/639fbc6d9ab8f7026f054359 HTTP/1.1" 304 - "-" "okhttp/4.9.2"
::ffff:192.168.1.134 - - [19/Dec/2022:01:42:59 +0000] "GET /api/v1/buildings HTTP/1.1" 304 - "-" "okhttp/4.9.2"
::ffff:192.168.1.134 - - [19/Dec/2022:01:43:01 +0000] "GET /api/v1/units HTTP/1.1" 304 - "-" "okhttp/4.9.2"
::ffff:192.168.1.134 - - [19/Dec/2022:01:43:02 +0000] "GET /api/v1/units/6393e8d92881c716d3a29198 HTTP/1.1" 200 2254 "-" "okhttp/4.9.2"
::ffff:192.168.1.134 - - [19/Dec/2022:01:43:08 +0000] "GET /api/v1/units/639fbbb346ed6a85d1715c1c HTTP/1.1" 200 302 "-" "okhttp/4.9.2"
::1 - - [19/Dec/2022:01:45:59 +0000] "GET /api/v1/units/6393e8d92881c716d3a29198 HTTP/1.1" 200 2254 "-" "PostmanRuntime/7.29.2"
::1 - - [19/Dec/2022:01:46:33 +0000] "POST /api/v1/units HTTP/1.1" 200 401 "-" "PostmanRuntime/7.29.2"
::ffff:192.168.1.134 - - [19/Dec/2022:01:59:27 +0000] "GET /api/v1/buildings HTTP/1.1" 304 - "-" "okhttp/4.9.2"
::ffff:192.168.1.134 - - [19/Dec/2022:01:59:31 +0000] "GET /api/v1/units HTTP/1.1" 200 11098 "-" "okhttp/4.9.2"
::ffff:192.168.1.134 - - [19/Dec/2022:01:59:54 +0000] "GET /api/v1/units/6393e8f32881c716d3a291f8 HTTP/1.1" 200 2260 "-" "okhttp/4.9.2"
::ffff:192.168.1.134 - - [19/Dec/2022:02:00:03 +0000] "GET /api/v1/units HTTP/1.1" 304 - "-" "okhttp/4.9.2"
::ffff:192.168.1.134 - - [19/Dec/2022:02:00:04 +0000] "GET /api/v1/buildings HTTP/1.1" 304 - "-" "okhttp/4.9.2"
::ffff:192.168.1.134 - - [19/Dec/2022:02:00:10 +0000] "POST /api/v1/units HTTP/1.1" 200 450 "-" "okhttp/4.9.2"
::ffff:192.168.1.134 - - [19/Dec/2022:02:02:49 +0000] "GET /api/v1/units/6393e8f32881c716d3a291f8 HTTP/1.1" 304 - "-" "okhttp/4.9.2"
::ffff:192.168.1.134 - - [19/Dec/2022:02:02:58 +0000] "GET /api/v1/units HTTP/1.1" 200 11488 "-" "okhttp/4.9.2"
::ffff:192.168.1.134 - - [19/Dec/2022:02:03:05 +0000] "GET /api/v1/units/639fc5aa9ab8f7026f054372 HTTP/1.1" 200 442 "-" "okhttp/4.9.2"
::ffff:192.168.1.134 - - [19/Dec/2022:02:09:23 +0000] "GET /api/v1/buildings HTTP/1.1" 304 - "-" "okhttp/4.9.2"
::ffff:192.168.1.134 - - [19/Dec/2022:02:09:25 +0000] "GET /api/v1/units HTTP/1.1" 200 11098 "-" "okhttp/4.9.2"
::ffff:192.168.1.134 - - [19/Dec/2022:02:09:29 +0000] "GET /api/v1/buildings HTTP/1.1" 304 - "-" "okhttp/4.9.2"
::ffff:192.168.1.134 - - [19/Dec/2022:02:09:37 +0000] "POST /api/v1/units HTTP/1.1" 200 2344 "-" "okhttp/4.9.2"
::ffff:192.168.1.134 - - [19/Dec/2022:02:10:56 +0000] "GET /api/v1/buildings HTTP/1.1" 304 - "-" "okhttp/4.9.2"
::ffff:192.168.1.134 - - [19/Dec/2022:02:11:08 +0000] "GET /api/v1/buildings HTTP/1.1" 304 - "-" "okhttp/4.9.2"
::ffff:192.168.1.134 - - [19/Dec/2022:02:11:18 +0000] "GET /api/v1/units HTTP/1.1" 200 13382 "-" "okhttp/4.9.2"
::ffff:192.168.1.134 - - [19/Dec/2022:02:11:20 +0000] "GET /api/v1/units/639fc7e19ab8f7026f05437e HTTP/1.1" 200 2336 "-" "okhttp/4.9.2"
::ffff:192.168.1.134 - - [19/Dec/2022:02:11:23 +0000] "GET /api/v1/units/639fc7e19ab8f7026f05437e HTTP/1.1" 304 - "-" "okhttp/4.9.2"
::ffff:192.168.1.134 - - [19/Dec/2022:02:11:34 +0000] "GET /api/v1/buildings HTTP/1.1" 304 - "-" "okhttp/4.9.2"
::ffff:192.168.1.134 - - [19/Dec/2022:02:11:42 +0000] "POST /api/v1/units HTTP/1.1" 200 2343 "-" "okhttp/4.9.2"
::ffff:192.168.1.134 - - [19/Dec/2022:02:12:28 +0000] "GET /api/v1/buildings HTTP/1.1" 304 - "-" "okhttp/4.9.2"
::ffff:192.168.1.134 - - [19/Dec/2022:02:12:45 +0000] "GET /api/v1/buildings HTTP/1.1" 304 - "-" "okhttp/4.9.2"
::ffff:192.168.1.134 - - [19/Dec/2022:02:12:54 +0000] "GET /api/v1/buildings HTTP/1.1" 304 - "-" "okhttp/4.9.2"
::ffff:192.168.1.134 - - [19/Dec/2022:02:12:55 +0000] "GET /api/v1/buildings HTTP/1.1" 304 - "-" "okhttp/4.9.2"
::ffff:192.168.1.134 - - [19/Dec/2022:02:13:09 +0000] "GET /api/v1/buildings HTTP/1.1" 304 - "-" "okhttp/4.9.2"
::ffff:192.168.1.134 - - [19/Dec/2022:02:13:20 +0000] "GET /api/v1/buildings HTTP/1.1" 304 - "-" "okhttp/4.9.2"
::ffff:192.168.1.134 - - [19/Dec/2022:02:13:22 +0000] "GET /api/v1/units HTTP/1.1" 200 15665 "-" "okhttp/4.9.2"
::ffff:192.168.1.134 - - [19/Dec/2022:02:13:24 +0000] "GET /api/v1/buildings HTTP/1.1" 304 - "-" "okhttp/4.9.2"
::ffff:192.168.1.134 - - [19/Dec/2022:02:13:32 +0000] "POST /api/v1/units HTTP/1.1" 200 2346 "-" "okhttp/4.9.2"
::ffff:192.168.1.134 - - [19/Dec/2022:02:14:33 +0000] "GET /api/v1/buildings HTTP/1.1" 304 - "-" "okhttp/4.9.2"
::ffff:192.168.1.134 - - [19/Dec/2022:02:14:46 +0000] "POST /api/v1/units HTTP/1.1" 200 2438 "-" "okhttp/4.9.2"
::ffff:192.168.1.134 - - [19/Dec/2022:02:20:09 +0000] "GET /api/v1/units/639fc85e9ab8f7026f05439b HTTP/1.1" 200 2335 "-" "okhttp/4.9.2"
::ffff:192.168.1.134 - - [19/Dec/2022:02:20:17 +0000] "GET /api/v1/units/6393e8d92881c716d3a29198 HTTP/1.1" 304 - "-" "okhttp/4.9.2"
::ffff:192.168.1.134 - - [19/Dec/2022:02:21:35 +0000] "GET /api/v1/units/6393e8d92881c716d3a29198 HTTP/1.1" 304 - "-" "okhttp/4.9.2"
::ffff:192.168.1.134 - - [19/Dec/2022:02:22:05 +0000] "GET /api/v1/units/6393e8d92881c716d3a29198 HTTP/1.1" 304 - "-" "okhttp/4.9.2"
::ffff:192.168.1.134 - - [19/Dec/2022:02:23:22 +0000] "GET /api/v1/units/6393e8d92881c716d3a29198 HTTP/1.1" 304 - "-" "okhttp/4.9.2"
::ffff:192.168.1.134 - - [19/Dec/2022:02:24:00 +0000] "GET /api/v1/units/6393e8d92881c716d3a29198 HTTP/1.1" 304 - "-" "okhttp/4.9.2"
::ffff:192.168.1.134 - - [19/Dec/2022:02:24:06 +0000] "GET /api/v1/units/6393e8d92881c716d3a29198 HTTP/1.1" 304 - "-" "okhttp/4.9.2"
::ffff:192.168.1.134 - - [19/Dec/2022:02:24:25 +0000] "GET /api/v1/units/6393e8d92881c716d3a29198 HTTP/1.1" 304 - "-" "okhttp/4.9.2"
::ffff:192.168.1.134 - - [19/Dec/2022:02:24:34 +0000] "GET /api/v1/units/639fc85e9ab8f7026f05439b HTTP/1.1" 304 - "-" "okhttp/4.9.2"
::ffff:192.168.1.134 - - [19/Dec/2022:02:24:49 +0000] "GET /api/v1/units/639fc85e9ab8f7026f05439b HTTP/1.1" 304 - "-" "okhttp/4.9.2"
::ffff:192.168.1.134 - - [19/Dec/2022:02:26:23 +0000] "GET /api/v1/units/639fc85e9ab8f7026f05439b HTTP/1.1" 304 - "-" "okhttp/4.9.2"
::ffff:192.168.1.123 - - [19/Dec/2022:02:26:51 +0000] "GET /api/v1/buildings HTTP/1.1" 304 - "http://localhost:19006/" "Mozilla/5.0 (Macintosh; Intel Mac OS X 10_15_7) AppleWebKit/537.36 (KHTML, like Gecko) Chrome/108.0.0.0 Safari/537.36"
::ffff:192.168.1.123 - - [19/Dec/2022:02:26:53 +0000] "GET /api/v1/units HTTP/1.1" 200 20329 "http://localhost:19006/" "Mozilla/5.0 (Macintosh; Intel Mac OS X 10_15_7) AppleWebKit/537.36 (KHTML, like Gecko) Chrome/108.0.0.0 Safari/537.36"
::ffff:192.168.1.123 - - [19/Dec/2022:02:26:57 +0000] "GET /api/v1/units/639fc9169ab8f7026f0543d2 HTTP/1.1" 200 2430 "http://localhost:19006/" "Mozilla/5.0 (Macintosh; Intel Mac OS X 10_15_7) AppleWebKit/537.36 (KHTML, like Gecko) Chrome/108.0.0.0 Safari/537.36"
::ffff:192.168.1.134 - - [19/Dec/2022:02:27:20 +0000] "GET /api/v1/units/639fc85e9ab8f7026f05439b HTTP/1.1" 304 - "-" "okhttp/4.9.2"
::ffff:192.168.1.123 - - [19/Dec/2022:02:27:23 +0000] "GET /api/v1/buildings HTTP/1.1" 304 - "http://localhost:19006/" "Mozilla/5.0 (Macintosh; Intel Mac OS X 10_15_7) AppleWebKit/537.36 (KHTML, like Gecko) Chrome/108.0.0.0 Safari/537.36"
::ffff:192.168.1.123 - - [19/Dec/2022:02:27:25 +0000] "GET /api/v1/units HTTP/1.1" 304 - "http://localhost:19006/" "Mozilla/5.0 (Macintosh; Intel Mac OS X 10_15_7) AppleWebKit/537.36 (KHTML, like Gecko) Chrome/108.0.0.0 Safari/537.36"
::ffff:192.168.1.123 - - [19/Dec/2022:02:27:27 +0000] "GET /api/v1/units/639fc9169ab8f7026f0543d2 HTTP/1.1" 304 - "http://localhost:19006/" "Mozilla/5.0 (Macintosh; Intel Mac OS X 10_15_7) AppleWebKit/537.36 (KHTML, like Gecko) Chrome/108.0.0.0 Safari/537.36"
::ffff:192.168.1.134 - - [19/Dec/2022:02:27:51 +0000] "GET /api/v1/units/639fc85e9ab8f7026f05439b HTTP/1.1" 304 - "-" "okhttp/4.9.2"
::ffff:192.168.1.134 - - [19/Dec/2022:02:28:49 +0000] "GET /api/v1/units/639fc85e9ab8f7026f05439b HTTP/1.1" 304 - "-" "okhttp/4.9.2"
::ffff:192.168.1.134 - - [19/Dec/2022:02:29:17 +0000] "GET /api/v1/units/639fc85e9ab8f7026f05439b HTTP/1.1" 304 - "-" "okhttp/4.9.2"
::ffff:192.168.1.134 - - [19/Dec/2022:02:29:40 +0000] "GET /api/v1/units/639fc85e9ab8f7026f05439b HTTP/1.1" 304 - "-" "okhttp/4.9.2"
::ffff:192.168.1.134 - - [19/Dec/2022:02:30:00 +0000] "GET /api/v1/units/639fc85e9ab8f7026f05439b HTTP/1.1" 304 - "-" "okhttp/4.9.2"
::ffff:192.168.1.134 - - [19/Dec/2022:02:30:18 +0000] "GET /api/v1/units/639fc85e9ab8f7026f05439b HTTP/1.1" 304 - "-" "okhttp/4.9.2"
::ffff:192.168.1.134 - - [19/Dec/2022:02:32:18 +0000] "GET /api/v1/buildings HTTP/1.1" 304 - "-" "okhttp/4.9.2"
::ffff:192.168.1.134 - - [19/Dec/2022:02:32:20 +0000] "GET /api/v1/units HTTP/1.1" 200 20329 "-" "okhttp/4.9.2"
::ffff:192.168.1.134 - - [19/Dec/2022:02:34:02 +0000] "GET /api/v1/buildings HTTP/1.1" 304 - "-" "okhttp/4.9.2"
::ffff:192.168.1.134 - - [19/Dec/2022:02:34:04 +0000] "GET /api/v1/units HTTP/1.1" 304 - "-" "okhttp/4.9.2"
::ffff:192.168.1.134 - - [19/Dec/2022:02:34:06 +0000] "GET /api/v1/units/639fc9169ab8f7026f0543d2 HTTP/1.1" 200 2430 "-" "okhttp/4.9.2"
::ffff:192.168.1.134 - - [19/Dec/2022:02:35:14 +0000] "GET /api/v1/units/639fc9169ab8f7026f0543d2 HTTP/1.1" 304 - "-" "okhttp/4.9.2"
::ffff:192.168.1.134 - - [19/Dec/2022:02:35:56 +0000] "GET /api/v1/units/639fc9169ab8f7026f0543d2 HTTP/1.1" 304 - "-" "okhttp/4.9.2"
::ffff:192.168.1.134 - - [19/Dec/2022:02:36:06 +0000] "GET /api/v1/units/639fc9169ab8f7026f0543d2 HTTP/1.1" 304 - "-" "okhttp/4.9.2"
::ffff:192.168.1.134 - - [19/Dec/2022:02:36:54 +0000] "GET /api/v1/units/639fc9169ab8f7026f0543d2 HTTP/1.1" 304 - "-" "okhttp/4.9.2"
::ffff:192.168.1.134 - - [19/Dec/2022:02:37:13 +0000] "GET /api/v1/units/639fc9169ab8f7026f0543d2 HTTP/1.1" 304 - "-" "okhttp/4.9.2"
::ffff:192.168.1.134 - - [19/Dec/2022:02:37:52 +0000] "GET /api/v1/units/639fc9169ab8f7026f0543d2 HTTP/1.1" 304 - "-" "okhttp/4.9.2"
::ffff:192.168.1.123 - - [19/Dec/2022:02:38:00 +0000] "GET /api/v1/buildings HTTP/1.1" 304 - "http://localhost:19006/" "Mozilla/5.0 (Macintosh; Intel Mac OS X 10_15_7) AppleWebKit/537.36 (KHTML, like Gecko) Chrome/108.0.0.0 Safari/537.36"
::ffff:192.168.1.123 - - [19/Dec/2022:02:38:02 +0000] "GET /api/v1/units HTTP/1.1" 304 - "http://localhost:19006/" "Mozilla/5.0 (Macintosh; Intel Mac OS X 10_15_7) AppleWebKit/537.36 (KHTML, like Gecko) Chrome/108.0.0.0 Safari/537.36"
::ffff:192.168.1.123 - - [19/Dec/2022:02:38:04 +0000] "GET /api/v1/units/639fc9169ab8f7026f0543d2 HTTP/1.1" 304 - "http://localhost:19006/" "Mozilla/5.0 (Macintosh; Intel Mac OS X 10_15_7) AppleWebKit/537.36 (KHTML, like Gecko) Chrome/108.0.0.0 Safari/537.36"
::ffff:192.168.1.134 - - [19/Dec/2022:02:39:32 +0000] "GET /api/v1/units/639fc9169ab8f7026f0543d2 HTTP/1.1" 304 - "-" "okhttp/4.9.2"
::ffff:192.168.1.134 - - [19/Dec/2022:02:40:42 +0000] "GET /api/v1/units/639fc9169ab8f7026f0543d2 HTTP/1.1" 304 - "-" "okhttp/4.9.2"
::ffff:192.168.1.134 - - [19/Dec/2022:02:42:16 +0000] "GET /api/v1/buildings HTTP/1.1" 304 - "-" "okhttp/4.9.2"
::ffff:192.168.1.134 - - [19/Dec/2022:02:42:18 +0000] "GET /api/v1/units HTTP/1.1" 304 - "-" "okhttp/4.9.2"
::ffff:192.168.1.134 - - [19/Dec/2022:02:42:20 +0000] "GET /api/v1/units/639fc9169ab8f7026f0543d2 HTTP/1.1" 304 - "-" "okhttp/4.9.2"
::ffff:192.168.1.134 - - [19/Dec/2022:02:44:55 +0000] "GET /api/v1/units/639fc9169ab8f7026f0543d2 HTTP/1.1" 304 - "-" "okhttp/4.9.2"
::ffff:192.168.1.134 - - [19/Dec/2022:02:45:32 +0000] "GET /api/v1/units/639fc9169ab8f7026f0543d2 HTTP/1.1" 304 - "-" "okhttp/4.9.2"
::ffff:192.168.1.134 - - [19/Dec/2022:02:45:45 +0000] "GET /api/v1/units/639fc9169ab8f7026f0543d2 HTTP/1.1" 304 - "-" "okhttp/4.9.2"
::ffff:192.168.1.123 - - [19/Dec/2022:02:46:40 +0000] "GET /api/v1/buildings HTTP/1.1" 304 - "http://localhost:19006/" "Mozilla/5.0 (Macintosh; Intel Mac OS X 10_15_7) AppleWebKit/537.36 (KHTML, like Gecko) Chrome/108.0.0.0 Safari/537.36"
::ffff:192.168.1.123 - - [19/Dec/2022:02:46:41 +0000] "GET /api/v1/units HTTP/1.1" 304 - "http://localhost:19006/" "Mozilla/5.0 (Macintosh; Intel Mac OS X 10_15_7) AppleWebKit/537.36 (KHTML, like Gecko) Chrome/108.0.0.0 Safari/537.36"
::ffff:192.168.1.123 - - [19/Dec/2022:02:46:45 +0000] "GET /api/v1/units/639fc9169ab8f7026f0543d2 HTTP/1.1" 304 - "http://localhost:19006/" "Mozilla/5.0 (Macintosh; Intel Mac OS X 10_15_7) AppleWebKit/537.36 (KHTML, like Gecko) Chrome/108.0.0.0 Safari/537.36"
::ffff:192.168.1.123 - - [19/Dec/2022:02:48:18 +0000] "GET /api/v1/buildings HTTP/1.1" 304 - "http://localhost:19006/" "Mozilla/5.0 (Macintosh; Intel Mac OS X 10_15_7) AppleWebKit/537.36 (KHTML, like Gecko) Chrome/108.0.0.0 Safari/537.36"
::ffff:192.168.1.123 - - [19/Dec/2022:02:48:20 +0000] "GET /api/v1/units HTTP/1.1" 304 - "http://localhost:19006/" "Mozilla/5.0 (Macintosh; Intel Mac OS X 10_15_7) AppleWebKit/537.36 (KHTML, like Gecko) Chrome/108.0.0.0 Safari/537.36"
::ffff:192.168.1.123 - - [19/Dec/2022:02:48:22 +0000] "GET /api/v1/units/639fc9169ab8f7026f0543d2 HTTP/1.1" 304 - "http://localhost:19006/" "Mozilla/5.0 (Macintosh; Intel Mac OS X 10_15_7) AppleWebKit/537.36 (KHTML, like Gecko) Chrome/108.0.0.0 Safari/537.36"
::ffff:192.168.1.134 - - [19/Dec/2022:02:49:23 +0000] "GET /api/v1/buildings HTTP/1.1" 304 - "-" "okhttp/4.9.2"
::ffff:192.168.1.134 - - [19/Dec/2022:02:49:24 +0000] "GET /api/v1/units HTTP/1.1" 304 - "-" "okhttp/4.9.2"
::ffff:192.168.1.134 - - [19/Dec/2022:02:49:27 +0000] "GET /api/v1/units/639fc9169ab8f7026f0543d2 HTTP/1.1" 304 - "-" "okhttp/4.9.2"
::ffff:192.168.1.134 - - [19/Dec/2022:02:49:59 +0000] "GET /api/v1/units/639fc9169ab8f7026f0543d2 HTTP/1.1" 304 - "-" "okhttp/4.9.2"
::ffff:192.168.1.134 - - [19/Dec/2022:02:50:25 +0000] "GET /api/v1/units/639fc9169ab8f7026f0543d2 HTTP/1.1" 304 - "-" "okhttp/4.9.2"
::ffff:192.168.1.134 - - [19/Dec/2022:02:50:29 +0000] "GET /api/v1/units/639fc9169ab8f7026f0543d2 HTTP/1.1" 304 - "-" "okhttp/4.9.2"
::ffff:192.168.1.156 - - [19/Dec/2022:03:30:34 +0000] "GET /api/v1/buildings HTTP/1.1" 304 - "-" "Expo/2.26.4.1016582 CFNetwork/1390 Darwin/22.0.0"
::ffff:192.168.1.156 - - [19/Dec/2022:03:30:37 +0000] "GET /api/v1/units HTTP/1.1" 200 20329 "-" "Expo/2.26.4.1016582 CFNetwork/1390 Darwin/22.0.0"
::ffff:192.168.1.156 - - [19/Dec/2022:03:30:39 +0000] "GET /api/v1/units/639fc9169ab8f7026f0543d2 HTTP/1.1" 200 2430 "-" "Expo/2.26.4.1016582 CFNetwork/1390 Darwin/22.0.0"
::ffff:192.168.1.123 - - [19/Dec/2022:03:33:44 +0000] "GET /api/v1/buildings HTTP/1.1" 200 1169 "http://localhost:19006/" "Mozilla/5.0 (Macintosh; Intel Mac OS X 10_15_7) AppleWebKit/537.36 (KHTML, like Gecko) Chrome/108.0.0.0 Safari/537.36"
::ffff:192.168.1.123 - - [19/Dec/2022:03:33:50 +0000] "GET /api/v1/units HTTP/1.1" 200 20329 "http://localhost:19006/" "Mozilla/5.0 (Macintosh; Intel Mac OS X 10_15_7) AppleWebKit/537.36 (KHTML, like Gecko) Chrome/108.0.0.0 Safari/537.36"
::ffff:192.168.1.123 - - [19/Dec/2022:03:33:52 +0000] "GET /api/v1/units/639fc9169ab8f7026f0543d2 HTTP/1.1" 200 2430 "http://localhost:19006/" "Mozilla/5.0 (Macintosh; Intel Mac OS X 10_15_7) AppleWebKit/537.36 (KHTML, like Gecko) Chrome/108.0.0.0 Safari/537.36"
::ffff:192.168.1.156 - - [19/Dec/2022:03:45:40 +0000] "GET /api/v1/buildings HTTP/1.1" 304 - "-" "Expo/2.26.4.1016582 CFNetwork/1390 Darwin/22.0.0"
::ffff:192.168.1.156 - - [19/Dec/2022:03:45:42 +0000] "GET /api/v1/units HTTP/1.1" 304 - "-" "Expo/2.26.4.1016582 CFNetwork/1390 Darwin/22.0.0"
::ffff:192.168.1.156 - - [19/Dec/2022:03:45:44 +0000] "GET /api/v1/units/639fc9169ab8f7026f0543d2 HTTP/1.1" 304 - "-" "Expo/2.26.4.1016582 CFNetwork/1390 Darwin/22.0.0"
::ffff:192.168.1.156 - - [19/Dec/2022:03:46:08 +0000] "GET /api/v1/units/639fc9169ab8f7026f0543d2 HTTP/1.1" 304 - "-" "Expo/2.26.4.1016582 CFNetwork/1390 Darwin/22.0.0"
::ffff:192.168.1.156 - - [19/Dec/2022:03:46:23 +0000] "GET /api/v1/units/639fc9169ab8f7026f0543d2 HTTP/1.1" 304 - "-" "Expo/2.26.4.1016582 CFNetwork/1390 Darwin/22.0.0"
::ffff:192.168.1.156 - - [19/Dec/2022:03:47:14 +0000] "GET /api/v1/units/639fc9169ab8f7026f0543d2 HTTP/1.1" 304 - "-" "Expo/2.26.4.1016582 CFNetwork/1390 Darwin/22.0.0"
::ffff:192.168.1.156 - - [19/Dec/2022:03:49:15 +0000] "GET /api/v1/buildings HTTP/1.1" 304 - "-" "Expo/2.26.4.1016582 CFNetwork/1390 Darwin/22.0.0"
::ffff:192.168.1.156 - - [19/Dec/2022:03:49:16 +0000] "GET /api/v1/units HTTP/1.1" 304 - "-" "Expo/2.26.4.1016582 CFNetwork/1390 Darwin/22.0.0"
::ffff:192.168.1.156 - - [19/Dec/2022:03:49:18 +0000] "GET /api/v1/units/639fc9169ab8f7026f0543d2 HTTP/1.1" 304 - "-" "Expo/2.26.4.1016582 CFNetwork/1390 Darwin/22.0.0"
::ffff:192.168.1.156 - - [19/Dec/2022:03:49:41 +0000] "GET /api/v1/buildings HTTP/1.1" 304 - "-" "Expo/2.26.4.1016582 CFNetwork/1390 Darwin/22.0.0"
::ffff:192.168.1.156 - - [19/Dec/2022:03:49:43 +0000] "GET /api/v1/units HTTP/1.1" 304 - "-" "Expo/2.26.4.1016582 CFNetwork/1390 Darwin/22.0.0"
::ffff:192.168.1.156 - - [19/Dec/2022:03:49:45 +0000] "GET /api/v1/units/639fc9169ab8f7026f0543d2 HTTP/1.1" 304 - "-" "Expo/2.26.4.1016582 CFNetwork/1390 Darwin/22.0.0"
::ffff:192.168.1.156 - - [19/Dec/2022:03:50:18 +0000] "GET /api/v1/units/639fc9169ab8f7026f0543d2 HTTP/1.1" 304 - "-" "Expo/2.26.4.1016582 CFNetwork/1390 Darwin/22.0.0"
::ffff:192.168.1.156 - - [19/Dec/2022:03:50:45 +0000] "GET /api/v1/units/639fc9169ab8f7026f0543d2 HTTP/1.1" 304 - "-" "Expo/2.26.4.1016582 CFNetwork/1390 Darwin/22.0.0"
::ffff:192.168.1.156 - - [19/Dec/2022:03:51:31 +0000] "GET /api/v1/units/639fc9169ab8f7026f0543d2 HTTP/1.1" 304 - "-" "Expo/2.26.4.1016582 CFNetwork/1390 Darwin/22.0.0"
::ffff:192.168.1.156 - - [19/Dec/2022:03:51:49 +0000] "GET /api/v1/units/639fc9169ab8f7026f0543d2 HTTP/1.1" 304 - "-" "Expo/2.26.4.1016582 CFNetwork/1390 Darwin/22.0.0"
::ffff:192.168.1.156 - - [19/Dec/2022:03:52:07 +0000] "GET /api/v1/units/639fc9169ab8f7026f0543d2 HTTP/1.1" 304 - "-" "Expo/2.26.4.1016582 CFNetwork/1390 Darwin/22.0.0"
::ffff:192.168.1.156 - - [19/Dec/2022:03:52:39 +0000] "GET /api/v1/units/639fc9169ab8f7026f0543d2 HTTP/1.1" 304 - "-" "Expo/2.26.4.1016582 CFNetwork/1390 Darwin/22.0.0"
::ffff:192.168.1.156 - - [19/Dec/2022:03:52:56 +0000] "GET /api/v1/units/639fc9169ab8f7026f0543d2 HTTP/1.1" 304 - "-" "Expo/2.26.4.1016582 CFNetwork/1390 Darwin/22.0.0"
::ffff:192.168.1.156 - - [19/Dec/2022:03:54:02 +0000] "GET /api/v1/units/639fc9169ab8f7026f0543d2 HTTP/1.1" 304 - "-" "Expo/2.26.4.1016582 CFNetwork/1390 Darwin/22.0.0"
::ffff:192.168.1.156 - - [19/Dec/2022:03:54:10 +0000] "GET /api/v1/units/639fc9169ab8f7026f0543d2 HTTP/1.1" 304 - "-" "Expo/2.26.4.1016582 CFNetwork/1390 Darwin/22.0.0"
::ffff:192.168.1.156 - - [19/Dec/2022:03:55:10 +0000] "GET /api/v1/buildings HTTP/1.1" 304 - "-" "Expo/2.26.4.1016582 CFNetwork/1390 Darwin/22.0.0"
::ffff:192.168.1.156 - - [19/Dec/2022:03:55:12 +0000] "GET /api/v1/units HTTP/1.1" 304 - "-" "Expo/2.26.4.1016582 CFNetwork/1390 Darwin/22.0.0"
::ffff:192.168.1.156 - - [19/Dec/2022:03:55:13 +0000] "GET /api/v1/units/639fc9169ab8f7026f0543d2 HTTP/1.1" 304 - "-" "Expo/2.26.4.1016582 CFNetwork/1390 Darwin/22.0.0"
::ffff:192.168.1.156 - - [19/Dec/2022:03:56:04 +0000] "GET /api/v1/units/639fc9169ab8f7026f0543d2 HTTP/1.1" 304 - "-" "Expo/2.26.4.1016582 CFNetwork/1390 Darwin/22.0.0"
::ffff:192.168.1.156 - - [19/Dec/2022:03:56:22 +0000] "GET /api/v1/units/639fc9169ab8f7026f0543d2 HTTP/1.1" 304 - "-" "Expo/2.26.4.1016582 CFNetwork/1390 Darwin/22.0.0"
::ffff:192.168.1.156 - - [19/Dec/2022:03:57:07 +0000] "GET /api/v1/units/639fc9169ab8f7026f0543d2 HTTP/1.1" 304 - "-" "Expo/2.26.4.1016582 CFNetwork/1390 Darwin/22.0.0"
::ffff:192.168.1.156 - - [19/Dec/2022:03:57:23 +0000] "GET /api/v1/units/639fc9169ab8f7026f0543d2 HTTP/1.1" 304 - "-" "Expo/2.26.4.1016582 CFNetwork/1390 Darwin/22.0.0"
::ffff:192.168.1.156 - - [19/Dec/2022:03:58:43 +0000] "GET /api/v1/units/639fc9169ab8f7026f0543d2 HTTP/1.1" 304 - "-" "Expo/2.26.4.1016582 CFNetwork/1390 Darwin/22.0.0"
::ffff:192.168.1.156 - - [19/Dec/2022:03:59:27 +0000] "GET /api/v1/units/639fc9169ab8f7026f0543d2 HTTP/1.1" 304 - "-" "Expo/2.26.4.1016582 CFNetwork/1390 Darwin/22.0.0"
::ffff:192.168.1.156 - - [19/Dec/2022:04:05:29 +0000] "GET /api/v1/units/639fc9169ab8f7026f0543d2 HTTP/1.1" 304 - "-" "Expo/2.26.4.1016582 CFNetwork/1390 Darwin/22.0.0"
::ffff:192.168.1.156 - - [19/Dec/2022:04:06:31 +0000] "GET /api/v1/buildings HTTP/1.1" 304 - "-" "Expo/2.26.4.1016582 CFNetwork/1390 Darwin/22.0.0"
::ffff:192.168.1.156 - - [19/Dec/2022:04:06:33 +0000] "GET /api/v1/units HTTP/1.1" 304 - "-" "Expo/2.26.4.1016582 CFNetwork/1390 Darwin/22.0.0"
::ffff:192.168.1.156 - - [19/Dec/2022:04:06:35 +0000] "GET /api/v1/units/639fc9169ab8f7026f0543d2 HTTP/1.1" 304 - "-" "Expo/2.26.4.1016582 CFNetwork/1390 Darwin/22.0.0"
::ffff:192.168.1.134 - - [19/Dec/2022:04:06:58 +0000] "GET /api/v1/buildings HTTP/1.1" 304 - "-" "okhttp/4.9.2"
::ffff:192.168.1.134 - - [19/Dec/2022:04:07:01 +0000] "GET /api/v1/units HTTP/1.1" 304 - "-" "okhttp/4.9.2"
::ffff:192.168.1.134 - - [19/Dec/2022:04:07:03 +0000] "GET /api/v1/units/639fc9169ab8f7026f0543d2 HTTP/1.1" 304 - "-" "okhttp/4.9.2"
::ffff:192.168.1.156 - - [19/Dec/2022:04:07:22 +0000] "GET /api/v1/units/639fc9169ab8f7026f0543d2 HTTP/1.1" 304 - "-" "Expo/2.26.4.1016582 CFNetwork/1390 Darwin/22.0.0"
::ffff:192.168.1.134 - - [19/Dec/2022:04:07:22 +0000] "GET /api/v1/units/639fc9169ab8f7026f0543d2 HTTP/1.1" 304 - "-" "okhttp/4.9.2"
::ffff:192.168.1.156 - - [19/Dec/2022:04:20:32 +0000] "GET /api/v1/buildings HTTP/1.1" 304 - "-" "Expo/2.26.4.1016582 CFNetwork/1390 Darwin/22.0.0"
::ffff:192.168.1.156 - - [19/Dec/2022:04:20:35 +0000] "GET /api/v1/units HTTP/1.1" 304 - "-" "Expo/2.26.4.1016582 CFNetwork/1390 Darwin/22.0.0"
::ffff:192.168.1.156 - - [19/Dec/2022:04:20:37 +0000] "GET /api/v1/buildings HTTP/1.1" 304 - "-" "Expo/2.26.4.1016582 CFNetwork/1390 Darwin/22.0.0"
::ffff:192.168.1.156 - - [19/Dec/2022:04:20:44 +0000] "GET /api/v1/units/639fc9169ab8f7026f0543d2 HTTP/1.1" 304 - "-" "Expo/2.26.4.1016582 CFNetwork/1390 Darwin/22.0.0"
::ffff:192.168.1.156 - - [19/Dec/2022:04:29:51 +0000] "GET /api/v1/projects HTTP/1.1" 304 - "-" "Expo/2.26.4.1016582 CFNetwork/1390 Darwin/22.0.0"
::ffff:192.168.1.156 - - [19/Dec/2022:04:30:06 +0000] "GET /api/v1/units HTTP/1.1" 304 - "-" "Expo/2.26.4.1016582 CFNetwork/1390 Darwin/22.0.0"
::ffff:192.168.1.156 - - [19/Dec/2022:04:30:28 +0000] "GET /api/v1/units/6393e8d92881c716d3a29198 HTTP/1.1" 200 2254 "-" "Expo/2.26.4.1016582 CFNetwork/1390 Darwin/22.0.0"
::ffff:192.168.1.134 - - [19/Dec/2022:04:32:42 +0000] "GET /api/v1/buildings HTTP/1.1" 304 - "-" "okhttp/4.9.2"
::ffff:192.168.1.134 - - [19/Dec/2022:04:32:44 +0000] "GET /api/v1/units HTTP/1.1" 304 - "-" "okhttp/4.9.2"
::ffff:192.168.1.134 - - [19/Dec/2022:04:32:47 +0000] "GET /api/v1/units/639fc85e9ab8f7026f05439b HTTP/1.1" 304 - "-" "okhttp/4.9.2"
::ffff:192.168.1.134 - - [19/Dec/2022:04:39:01 +0000] "GET /api/v1/units/639fc85e9ab8f7026f05439b HTTP/1.1" 304 - "-" "okhttp/4.9.2"
::ffff:192.168.1.123 - - [19/Dec/2022:04:39:07 +0000] "GET /api/v1/buildings HTTP/1.1" 304 - "http://localhost:19006/" "Mozilla/5.0 (Macintosh; Intel Mac OS X 10_15_7) AppleWebKit/537.36 (KHTML, like Gecko) Chrome/108.0.0.0 Safari/537.36"
::ffff:192.168.1.123 - - [19/Dec/2022:04:39:10 +0000] "GET /api/v1/units HTTP/1.1" 304 - "http://localhost:19006/" "Mozilla/5.0 (Macintosh; Intel Mac OS X 10_15_7) AppleWebKit/537.36 (KHTML, like Gecko) Chrome/108.0.0.0 Safari/537.36"
::ffff:192.168.1.123 - - [19/Dec/2022:04:39:14 +0000] "GET /api/v1/units/6393e8d92881c716d3a29198 HTTP/1.1" 200 2254 "http://localhost:19006/" "Mozilla/5.0 (Macintosh; Intel Mac OS X 10_15_7) AppleWebKit/537.36 (KHTML, like Gecko) Chrome/108.0.0.0 Safari/537.36"
::ffff:192.168.1.134 - - [19/Dec/2022:04:39:36 +0000] "GET /api/v1/units/639fc85e9ab8f7026f05439b HTTP/1.1" 304 - "-" "okhttp/4.9.2"
::ffff:192.168.1.123 - - [19/Dec/2022:04:39:39 +0000] "GET /api/v1/buildings HTTP/1.1" 304 - "http://localhost:19006/" "Mozilla/5.0 (Macintosh; Intel Mac OS X 10_15_7) AppleWebKit/537.36 (KHTML, like Gecko) Chrome/108.0.0.0 Safari/537.36"
::ffff:192.168.1.123 - - [19/Dec/2022:04:39:41 +0000] "GET /api/v1/units HTTP/1.1" 304 - "http://localhost:19006/" "Mozilla/5.0 (Macintosh; Intel Mac OS X 10_15_7) AppleWebKit/537.36 (KHTML, like Gecko) Chrome/108.0.0.0 Safari/537.36"
::ffff:192.168.1.123 - - [19/Dec/2022:04:39:45 +0000] "GET /api/v1/units/639fc9169ab8f7026f0543d2 HTTP/1.1" 304 - "http://localhost:19006/" "Mozilla/5.0 (Macintosh; Intel Mac OS X 10_15_7) AppleWebKit/537.36 (KHTML, like Gecko) Chrome/108.0.0.0 Safari/537.36"
::ffff:192.168.1.134 - - [19/Dec/2022:04:40:18 +0000] "GET /api/v1/units/639fc85e9ab8f7026f05439b HTTP/1.1" 304 - "-" "okhttp/4.9.2"
::ffff:192.168.1.134 - - [19/Dec/2022:04:40:35 +0000] "GET /api/v1/units/639fc85e9ab8f7026f05439b HTTP/1.1" 304 - "-" "okhttp/4.9.2"
::ffff:192.168.1.123 - - [19/Dec/2022:04:41:23 +0000] "GET /api/v1/buildings HTTP/1.1" 304 - "http://localhost:19006/" "Mozilla/5.0 (Macintosh; Intel Mac OS X 10_15_7) AppleWebKit/537.36 (KHTML, like Gecko) Chrome/108.0.0.0 Safari/537.36"
::ffff:192.168.1.123 - - [19/Dec/2022:04:41:25 +0000] "GET /api/v1/units HTTP/1.1" 304 - "http://localhost:19006/" "Mozilla/5.0 (Macintosh; Intel Mac OS X 10_15_7) AppleWebKit/537.36 (KHTML, like Gecko) Chrome/108.0.0.0 Safari/537.36"
::ffff:192.168.1.123 - - [19/Dec/2022:04:41:29 +0000] "GET /api/v1/units/639fc9169ab8f7026f0543d2 HTTP/1.1" 304 - "http://localhost:19006/" "Mozilla/5.0 (Macintosh; Intel Mac OS X 10_15_7) AppleWebKit/537.36 (KHTML, like Gecko) Chrome/108.0.0.0 Safari/537.36"
::ffff:192.168.1.134 - - [19/Dec/2022:04:48:16 +0000] "GET /api/v1/buildings HTTP/1.1" 304 - "-" "okhttp/4.9.2"
::ffff:192.168.1.134 - - [19/Dec/2022:04:48:18 +0000] "GET /api/v1/units HTTP/1.1" 304 - "-" "okhttp/4.9.2"
::ffff:192.168.1.134 - - [19/Dec/2022:04:48:20 +0000] "GET /api/v1/units/639fc9169ab8f7026f0543d2 HTTP/1.1" 304 - "-" "okhttp/4.9.2"
::ffff:192.168.1.134 - - [19/Dec/2022:04:51:22 +0000] "GET /api/v1/projects HTTP/1.1" 304 - "-" "okhttp/4.9.2"
::ffff:192.168.1.134 - - [19/Dec/2022:04:51:26 +0000] "GET /api/v1/units HTTP/1.1" 304 - "-" "okhttp/4.9.2"
::ffff:192.168.1.134 - - [19/Dec/2022:04:51:28 +0000] "GET /api/v1/units/639fc9169ab8f7026f0543d2 HTTP/1.1" 304 - "-" "okhttp/4.9.2"
::ffff:192.168.1.134 - - [19/Dec/2022:04:52:50 +0000] "PUT /api/v1/units/639fc9169ab8f7026f0543d2 HTTP/1.1" 200 2429 "-" "okhttp/4.9.2"
::ffff:192.168.1.134 - - [19/Dec/2022:04:54:48 +0000] "PUT /api/v1/units/639fc9169ab8f7026f0543d2 HTTP/1.1" 200 2429 "-" "okhttp/4.9.2"
::ffff:192.168.1.134 - - [19/Dec/2022:04:55:30 +0000] "GET /api/v1/buildings HTTP/1.1" 304 - "-" "okhttp/4.9.2"
::ffff:192.168.1.134 - - [19/Dec/2022:04:55:33 +0000] "GET /api/v1/units HTTP/1.1" 304 - "-" "okhttp/4.9.2"
::ffff:192.168.1.134 - - [19/Dec/2022:04:55:35 +0000] "GET /api/v1/units/639fc9169ab8f7026f0543d2 HTTP/1.1" 200 2430 "-" "okhttp/4.9.2"
::ffff:192.168.1.134 - - [19/Dec/2022:04:56:24 +0000] "PUT /api/v1/units/639fc9169ab8f7026f0543d2 HTTP/1.1" 200 2429 "-" "okhttp/4.9.2"
::ffff:192.168.1.134 - - [19/Dec/2022:04:57:41 +0000] "GET /api/v1/units/639fc9169ab8f7026f0543d2 HTTP/1.1" 200 2430 "-" "okhttp/4.9.2"
::ffff:192.168.1.134 - - [19/Dec/2022:05:03:53 +0000] "PUT /api/v1/units/639fc9169ab8f7026f0543d2 HTTP/1.1" 200 2429 "-" "okhttp/4.9.2"
::ffff:192.168.1.134 - - [19/Dec/2022:05:04:55 +0000] "PUT /api/v1/units/639fc9169ab8f7026f0543d2 HTTP/1.1" 200 2429 "-" "okhttp/4.9.2"
::ffff:192.168.1.134 - - [19/Dec/2022:05:08:52 +0000] "PUT /api/v1/units/639fc9169ab8f7026f0543d2 HTTP/1.1" 200 2429 "-" "okhttp/4.9.2"
::ffff:192.168.1.134 - - [19/Dec/2022:05:10:10 +0000] "PUT /api/v1/units/639fc9169ab8f7026f0543d2 HTTP/1.1" 200 2429 "-" "okhttp/4.9.2"
::ffff:192.168.1.123 - - [19/Dec/2022:05:10:27 +0000] "GET /api/v1/buildings HTTP/1.1" 304 - "http://localhost:19006/" "Mozilla/5.0 (Macintosh; Intel Mac OS X 10_15_7) AppleWebKit/537.36 (KHTML, like Gecko) Chrome/108.0.0.0 Safari/537.36"
::ffff:192.168.1.123 - - [19/Dec/2022:05:10:29 +0000] "GET /api/v1/units HTTP/1.1" 304 - "http://localhost:19006/" "Mozilla/5.0 (Macintosh; Intel Mac OS X 10_15_7) AppleWebKit/537.36 (KHTML, like Gecko) Chrome/108.0.0.0 Safari/537.36"
::ffff:192.168.1.123 - - [19/Dec/2022:05:10:31 +0000] "GET /api/v1/units/639fc9169ab8f7026f0543d2 HTTP/1.1" 304 - "http://localhost:19006/" "Mozilla/5.0 (Macintosh; Intel Mac OS X 10_15_7) AppleWebKit/537.36 (KHTML, like Gecko) Chrome/108.0.0.0 Safari/537.36"
::ffff:192.168.1.156 - - [19/Dec/2022:05:11:06 +0000] "GET /api/v1/buildings HTTP/1.1" 304 - "-" "Expo/2.26.4.1016582 CFNetwork/1390 Darwin/22.0.0"
::ffff:192.168.1.156 - - [19/Dec/2022:05:11:09 +0000] "GET /api/v1/units HTTP/1.1" 304 - "-" "Expo/2.26.4.1016582 CFNetwork/1390 Darwin/22.0.0"
::ffff:192.168.1.156 - - [19/Dec/2022:05:11:11 +0000] "GET /api/v1/units/639fc9169ab8f7026f0543d2 HTTP/1.1" 304 - "-" "Expo/2.26.4.1016582 CFNetwork/1390 Darwin/22.0.0"
::ffff:192.168.1.156 - - [19/Dec/2022:05:11:59 +0000] "PUT /api/v1/units/639fc9169ab8f7026f0543d2 HTTP/1.1" 200 2429 "-" "Expo/2.26.4.1016582 CFNetwork/1390 Darwin/22.0.0"
::ffff:192.168.1.123 - - [19/Dec/2022:05:13:25 +0000] "PUT /api/v1/units/639fc9169ab8f7026f0543d2 HTTP/1.1" 200 2429 "http://localhost:19006/" "Mozilla/5.0 (Macintosh; Intel Mac OS X 10_15_7) AppleWebKit/537.36 (KHTML, like Gecko) Chrome/108.0.0.0 Safari/537.36"
::ffff:192.168.1.123 - - [19/Dec/2022:05:13:27 +0000] "PUT /api/v1/units/639fc9169ab8f7026f0543d2 HTTP/1.1" 200 2429 "http://localhost:19006/" "Mozilla/5.0 (Macintosh; Intel Mac OS X 10_15_7) AppleWebKit/537.36 (KHTML, like Gecko) Chrome/108.0.0.0 Safari/537.36"
::ffff:192.168.1.123 - - [19/Dec/2022:05:13:28 +0000] "PUT /api/v1/units/639fc9169ab8f7026f0543d2 HTTP/1.1" 200 2429 "http://localhost:19006/" "Mozilla/5.0 (Macintosh; Intel Mac OS X 10_15_7) AppleWebKit/537.36 (KHTML, like Gecko) Chrome/108.0.0.0 Safari/537.36"
::ffff:192.168.1.123 - - [19/Dec/2022:05:13:29 +0000] "PUT /api/v1/units/639fc9169ab8f7026f0543d2 HTTP/1.1" 200 2429 "http://localhost:19006/" "Mozilla/5.0 (Macintosh; Intel Mac OS X 10_15_7) AppleWebKit/537.36 (KHTML, like Gecko) Chrome/108.0.0.0 Safari/537.36"
::ffff:192.168.1.123 - - [19/Dec/2022:05:13:31 +0000] "PUT /api/v1/units/639fc9169ab8f7026f0543d2 HTTP/1.1" 200 2429 "http://localhost:19006/" "Mozilla/5.0 (Macintosh; Intel Mac OS X 10_15_7) AppleWebKit/537.36 (KHTML, like Gecko) Chrome/108.0.0.0 Safari/537.36"
::ffff:192.168.1.123 - - [19/Dec/2022:05:13:32 +0000] "PUT /api/v1/units/639fc9169ab8f7026f0543d2 HTTP/1.1" 200 2429 "http://localhost:19006/" "Mozilla/5.0 (Macintosh; Intel Mac OS X 10_15_7) AppleWebKit/537.36 (KHTML, like Gecko) Chrome/108.0.0.0 Safari/537.36"
::ffff:192.168.1.123 - - [19/Dec/2022:05:13:51 +0000] "PUT /api/v1/units/639fc9169ab8f7026f0543d2 HTTP/1.1" 200 2429 "http://localhost:19006/" "Mozilla/5.0 (Macintosh; Intel Mac OS X 10_15_7) AppleWebKit/537.36 (KHTML, like Gecko) Chrome/108.0.0.0 Safari/537.36"
::ffff:192.168.1.123 - - [19/Dec/2022:05:13:52 +0000] "PUT /api/v1/units/639fc9169ab8f7026f0543d2 HTTP/1.1" 200 2429 "http://localhost:19006/" "Mozilla/5.0 (Macintosh; Intel Mac OS X 10_15_7) AppleWebKit/537.36 (KHTML, like Gecko) Chrome/108.0.0.0 Safari/537.36"
::ffff:192.168.1.123 - - [19/Dec/2022:05:13:53 +0000] "PUT /api/v1/units/639fc9169ab8f7026f0543d2 HTTP/1.1" 200 2429 "http://localhost:19006/" "Mozilla/5.0 (Macintosh; Intel Mac OS X 10_15_7) AppleWebKit/537.36 (KHTML, like Gecko) Chrome/108.0.0.0 Safari/537.36"
::ffff:192.168.1.123 - - [19/Dec/2022:05:14:11 +0000] "PUT /api/v1/units/639fc9169ab8f7026f0543d2 HTTP/1.1" 200 2429 "http://localhost:19006/" "Mozilla/5.0 (Macintosh; Intel Mac OS X 10_15_7) AppleWebKit/537.36 (KHTML, like Gecko) Chrome/108.0.0.0 Safari/537.36"
::ffff:192.168.1.123 - - [19/Dec/2022:05:14:11 +0000] "PUT /api/v1/units/639fc9169ab8f7026f0543d2 HTTP/1.1" 200 2429 "http://localhost:19006/" "Mozilla/5.0 (Macintosh; Intel Mac OS X 10_15_7) AppleWebKit/537.36 (KHTML, like Gecko) Chrome/108.0.0.0 Safari/537.36"
::ffff:192.168.1.123 - - [19/Dec/2022:05:14:12 +0000] "PUT /api/v1/units/639fc9169ab8f7026f0543d2 HTTP/1.1" 200 2429 "http://localhost:19006/" "Mozilla/5.0 (Macintosh; Intel Mac OS X 10_15_7) AppleWebKit/537.36 (KHTML, like Gecko) Chrome/108.0.0.0 Safari/537.36"
::ffff:192.168.1.123 - - [19/Dec/2022:05:14:12 +0000] "PUT /api/v1/units/639fc9169ab8f7026f0543d2 HTTP/1.1" 200 2429 "http://localhost:19006/" "Mozilla/5.0 (Macintosh; Intel Mac OS X 10_15_7) AppleWebKit/537.36 (KHTML, like Gecko) Chrome/108.0.0.0 Safari/537.36"
::ffff:192.168.1.123 - - [19/Dec/2022:05:14:13 +0000] "PUT /api/v1/units/639fc9169ab8f7026f0543d2 HTTP/1.1" 200 2429 "http://localhost:19006/" "Mozilla/5.0 (Macintosh; Intel Mac OS X 10_15_7) AppleWebKit/537.36 (KHTML, like Gecko) Chrome/108.0.0.0 Safari/537.36"
::ffff:192.168.1.123 - - [19/Dec/2022:05:14:13 +0000] "PUT /api/v1/units/639fc9169ab8f7026f0543d2 HTTP/1.1" 200 2429 "http://localhost:19006/" "Mozilla/5.0 (Macintosh; Intel Mac OS X 10_15_7) AppleWebKit/537.36 (KHTML, like Gecko) Chrome/108.0.0.0 Safari/537.36"
::ffff:192.168.1.123 - - [19/Dec/2022:05:14:13 +0000] "PUT /api/v1/units/639fc9169ab8f7026f0543d2 HTTP/1.1" 200 2429 "http://localhost:19006/" "Mozilla/5.0 (Macintosh; Intel Mac OS X 10_15_7) AppleWebKit/537.36 (KHTML, like Gecko) Chrome/108.0.0.0 Safari/537.36"
::ffff:192.168.1.123 - - [19/Dec/2022:05:14:14 +0000] "PUT /api/v1/units/639fc9169ab8f7026f0543d2 HTTP/1.1" 200 2429 "http://localhost:19006/" "Mozilla/5.0 (Macintosh; Intel Mac OS X 10_15_7) AppleWebKit/537.36 (KHTML, like Gecko) Chrome/108.0.0.0 Safari/537.36"
::ffff:192.168.1.123 - - [19/Dec/2022:05:14:14 +0000] "PUT /api/v1/units/639fc9169ab8f7026f0543d2 HTTP/1.1" 200 2429 "http://localhost:19006/" "Mozilla/5.0 (Macintosh; Intel Mac OS X 10_15_7) AppleWebKit/537.36 (KHTML, like Gecko) Chrome/108.0.0.0 Safari/537.36"
::ffff:192.168.1.156 - - [19/Dec/2022:05:14:26 +0000] "PUT /api/v1/units/639fc9169ab8f7026f0543d2 HTTP/1.1" 200 2429 "-" "Expo/2.26.4.1016582 CFNetwork/1390 Darwin/22.0.0"
::ffff:192.168.1.156 - - [19/Dec/2022:05:14:33 +0000] "GET /api/v1/projects HTTP/1.1" 304 - "-" "Expo/2.26.4.1016582 CFNetwork/1390 Darwin/22.0.0"
::ffff:192.168.1.156 - - [19/Dec/2022:05:14:39 +0000] "GET /api/v1/units/639fc9169ab8f7026f0543d2 HTTP/1.1" 304 - "-" "Expo/2.26.4.1016582 CFNetwork/1390 Darwin/22.0.0"
::1 - - [19/Dec/2022:05:18:06 +0000] "GET /api/v1/units/639fc9169ab8f7026f0543d2 HTTP/1.1" 200 2430 "-" "PostmanRuntime/7.29.2"
::1 - - [19/Dec/2022:05:23:11 +0000] "PUT /api/v1/units/639fc9169ab8f7026f0543d2 HTTP/1.1" 200 699 "-" "PostmanRuntime/7.29.2"
::ffff:192.168.1.134 - - [19/Dec/2022:05:27:11 +0000] "GET /api/v1/units/639fc9169ab8f7026f0543d2 HTTP/1.1" 404 99 "-" "okhttp/4.9.2"
