::ffff:192.168.1.123 - - [22/Dec/2022:00:54:10 +0000] "GET /api/v1/buildings HTTP/1.1" 304 - "http://localhost:19006/" "Mozilla/5.0 (Macintosh; Intel Mac OS X 10_15_7) AppleWebKit/537.36 (KHTML, like Gecko) Chrome/108.0.0.0 Safari/537.36"
::ffff:192.168.1.123 - - [22/Dec/2022:00:54:19 +0000] "GET /api/v1/projects HTTP/1.1" 200 2369 "http://localhost:19006/" "Mozilla/5.0 (Macintosh; Intel Mac OS X 10_15_7) AppleWebKit/537.36 (KHTML, like Gecko) Chrome/108.0.0.0 Safari/537.36"
::1 - - [22/Dec/2022:00:59:12 +0000] "GET /api/v1/projects HTTP/1.1" 200 2369 "-" "PostmanRuntime/7.30.0"
::1 - - [22/Dec/2022:01:03:34 +0000] "GET /api/v1/buildings HTTP/1.1" 200 1169 "-" "PostmanRuntime/7.30.0"
::ffff:192.168.1.123 - - [22/Dec/2022:01:08:20 +0000] "GET /api/v1/buildings HTTP/1.1" 304 - "http://localhost:19006/" "Mozilla/5.0 (Macintosh; Intel Mac OS X 10_15_7) AppleWebKit/537.36 (KHTML, like Gecko) Chrome/108.0.0.0 Safari/537.36"
::ffff:192.168.1.123 - - [22/Dec/2022:01:08:37 +0000] "GET /api/v1/buildings HTTP/1.1" 304 - "http://localhost:19006/" "Mozilla/5.0 (Macintosh; Intel Mac OS X 10_15_7) AppleWebKit/537.36 (KHTML, like Gecko) Chrome/108.0.0.0 Safari/537.36"
::ffff:192.168.1.123 - - [22/Dec/2022:01:08:39 +0000] "GET /api/v1/projects HTTP/1.1" 304 - "http://localhost:19006/" "Mozilla/5.0 (Macintosh; Intel Mac OS X 10_15_7) AppleWebKit/537.36 (KHTML, like Gecko) Chrome/108.0.0.0 Safari/537.36"
::ffff:192.168.1.123 - - [22/Dec/2022:01:09:27 +0000] "POST /api/v1/ HTTP/1.1" 404 147 "http://localhost:19006/" "Mozilla/5.0 (Macintosh; Intel Mac OS X 10_15_7) AppleWebKit/537.36 (KHTML, like Gecko) Chrome/108.0.0.0 Safari/537.36"
::ffff:192.168.1.123 - - [22/Dec/2022:01:09:51 +0000] "GET /api/v1/buildings HTTP/1.1" 304 - "http://localhost:19006/" "Mozilla/5.0 (Macintosh; Intel Mac OS X 10_15_7) AppleWebKit/537.36 (KHTML, like Gecko) Chrome/108.0.0.0 Safari/537.36"
::ffff:192.168.1.123 - - [22/Dec/2022:01:09:53 +0000] "POST /api/v1/projects HTTP/1.1" 500 623 "http://localhost:19006/" "Mozilla/5.0 (Macintosh; Intel Mac OS X 10_15_7) AppleWebKit/537.36 (KHTML, like Gecko) Chrome/108.0.0.0 Safari/537.36"
::ffff:192.168.1.123 - - [22/Dec/2022:01:10:33 +0000] "GET /api/v1/buildings HTTP/1.1" 304 - "http://localhost:19006/" "Mozilla/5.0 (Macintosh; Intel Mac OS X 10_15_7) AppleWebKit/537.36 (KHTML, like Gecko) Chrome/108.0.0.0 Safari/537.36"
::ffff:192.168.1.123 - - [22/Dec/2022:01:10:35 +0000] "GET /api/v1/projects HTTP/1.1" 304 - "http://localhost:19006/" "Mozilla/5.0 (Macintosh; Intel Mac OS X 10_15_7) AppleWebKit/537.36 (KHTML, like Gecko) Chrome/108.0.0.0 Safari/537.36"
::ffff:192.168.1.123 - - [22/Dec/2022:01:10:41 +0000] "POST /api/v1/buildings HTTP/1.1" 200 284 "http://localhost:19006/" "Mozilla/5.0 (Macintosh; Intel Mac OS X 10_15_7) AppleWebKit/537.36 (KHTML, like Gecko) Chrome/108.0.0.0 Safari/537.36"
::ffff:192.168.1.123 - - [22/Dec/2022:01:12:06 +0000] "GET /api/v1/buildings HTTP/1.1" 200 1389 "http://localhost:19006/" "Mozilla/5.0 (Macintosh; Intel Mac OS X 10_15_7) AppleWebKit/537.36 (KHTML, like Gecko) Chrome/108.0.0.0 Safari/537.36"
::ffff:192.168.1.123 - - [22/Dec/2022:01:12:08 +0000] "GET /api/v1/projects HTTP/1.1" 304 - "http://localhost:19006/" "Mozilla/5.0 (Macintosh; Intel Mac OS X 10_15_7) AppleWebKit/537.36 (KHTML, like Gecko) Chrome/108.0.0.0 Safari/537.36"
::ffff:192.168.1.123 - - [22/Dec/2022:01:12:13 +0000] "POST /api/v1/buildings HTTP/1.1" 200 284 "http://localhost:19006/" "Mozilla/5.0 (Macintosh; Intel Mac OS X 10_15_7) AppleWebKit/537.36 (KHTML, like Gecko) Chrome/108.0.0.0 Safari/537.36"
::ffff:192.168.1.134 - - [22/Dec/2022:01:13:39 +0000] "GET /api/v1/buildings HTTP/1.1" 304 - "-" "okhttp/4.9.2"
::ffff:192.168.1.134 - - [22/Dec/2022:01:13:41 +0000] "GET /api/v1/projects HTTP/1.1" 304 - "-" "okhttp/4.9.2"
::ffff:192.168.1.134 - - [22/Dec/2022:01:13:50 +0000] "POST /api/v1/buildings HTTP/1.1" 200 286 "-" "okhttp/4.9.2"
::ffff:192.168.1.134 - - [22/Dec/2022:01:16:00 +0000] "GET /api/v1/projects HTTP/1.1" 304 - "-" "okhttp/4.9.2"
::ffff:192.168.1.134 - - [22/Dec/2022:01:16:56 +0000] "GET /api/v1/projects HTTP/1.1" 304 - "-" "okhttp/4.9.2"
::ffff:192.168.1.134 - - [22/Dec/2022:01:17:04 +0000] "GET /api/v1/projects HTTP/1.1" 304 - "-" "okhttp/4.9.2"
::ffff:192.168.1.134 - - [22/Dec/2022:01:17:19 +0000] "GET /api/v1/projects HTTP/1.1" 304 - "-" "okhttp/4.9.2"
::ffff:192.168.1.134 - - [22/Dec/2022:01:17:44 +0000] "GET /api/v1/projects HTTP/1.1" 304 - "-" "okhttp/4.9.2"
::ffff:192.168.1.134 - - [22/Dec/2022:01:18:08 +0000] "GET /api/v1/projects HTTP/1.1" 304 - "-" "okhttp/4.9.2"
::ffff:192.168.1.134 - - [22/Dec/2022:01:18:22 +0000] "GET /api/v1/projects HTTP/1.1" 304 - "-" "okhttp/4.9.2"
::ffff:192.168.1.134 - - [22/Dec/2022:01:18:43 +0000] "GET /api/v1/projects HTTP/1.1" 304 - "-" "okhttp/4.9.2"
::ffff:192.168.1.134 - - [22/Dec/2022:01:18:59 +0000] "GET /api/v1/buildings HTTP/1.1" 200 1391 "-" "okhttp/4.9.2"
::ffff:192.168.1.134 - - [22/Dec/2022:01:19:05 +0000] "GET /api/v1/projects HTTP/1.1" 304 - "-" "okhttp/4.9.2"
::ffff:192.168.1.134 - - [22/Dec/2022:01:19:40 +0000] "GET /api/v1/projects HTTP/1.1" 304 - "-" "okhttp/4.9.2"
::ffff:192.168.1.134 - - [22/Dec/2022:01:20:09 +0000] "GET /api/v1/projects HTTP/1.1" 304 - "-" "okhttp/4.9.2"
::ffff:192.168.1.156 - - [22/Dec/2022:01:20:33 +0000] "GET /api/v1/buildings HTTP/1.1" 200 1391 "-" "Expo/2.27.1.1016677 CFNetwork/1390 Darwin/22.0.0"
::ffff:192.168.1.156 - - [22/Dec/2022:01:20:36 +0000] "GET /api/v1/projects HTTP/1.1" 304 - "-" "Expo/2.27.1.1016677 CFNetwork/1390 Darwin/22.0.0"
::ffff:192.168.1.134 - - [22/Dec/2022:01:21:00 +0000] "GET /api/v1/projects HTTP/1.1" 304 - "-" "okhttp/4.9.2"
::ffff:192.168.1.156 - - [22/Dec/2022:01:21:00 +0000] "GET /api/v1/projects HTTP/1.1" 304 - "-" "Expo/2.27.1.1016677 CFNetwork/1390 Darwin/22.0.0"
::ffff:192.168.1.156 - - [22/Dec/2022:01:21:07 +0000] "GET /api/v1/projects HTTP/1.1" 304 - "-" "Expo/2.27.1.1016677 CFNetwork/1390 Darwin/22.0.0"
::ffff:192.168.1.134 - - [22/Dec/2022:01:21:17 +0000] "GET /api/v1/projects HTTP/1.1" 304 - "-" "okhttp/4.9.2"
::ffff:192.168.1.156 - - [22/Dec/2022:01:21:17 +0000] "GET /api/v1/projects HTTP/1.1" 304 - "-" "Expo/2.27.1.1016677 CFNetwork/1390 Darwin/22.0.0"
::ffff:192.168.1.134 - - [22/Dec/2022:01:22:24 +0000] "GET /api/v1/projects HTTP/1.1" 304 - "-" "okhttp/4.9.2"
::ffff:192.168.1.156 - - [22/Dec/2022:01:22:24 +0000] "GET /api/v1/projects HTTP/1.1" 304 - "-" "Expo/2.27.1.1016677 CFNetwork/1390 Darwin/22.0.0"
::ffff:192.168.1.156 - - [22/Dec/2022:01:22:31 +0000] "GET /api/v1/units HTTP/1.1" 200 18980 "-" "Expo/2.27.1.1016677 CFNetwork/1390 Darwin/22.0.0"
::ffff:192.168.1.156 - - [22/Dec/2022:01:22:41 +0000] "GET /api/v1/projects HTTP/1.1" 304 - "-" "Expo/2.27.1.1016677 CFNetwork/1390 Darwin/22.0.0"
::ffff:192.168.1.134 - - [22/Dec/2022:01:23:06 +0000] "GET /api/v1/projects HTTP/1.1" 304 - "-" "okhttp/4.9.2"
::ffff:192.168.1.156 - - [22/Dec/2022:01:23:06 +0000] "GET /api/v1/projects HTTP/1.1" 304 - "-" "Expo/2.27.1.1016677 CFNetwork/1390 Darwin/22.0.0"
::ffff:192.168.1.156 - - [22/Dec/2022:01:23:25 +0000] "GET /api/v1/projects HTTP/1.1" 304 - "-" "Expo/2.27.1.1016677 CFNetwork/1390 Darwin/22.0.0"
::ffff:192.168.1.134 - - [22/Dec/2022:01:23:25 +0000] "GET /api/v1/projects HTTP/1.1" 304 - "-" "okhttp/4.9.2"
::ffff:192.168.1.156 - - [22/Dec/2022:01:23:48 +0000] "GET /api/v1/projects HTTP/1.1" 304 - "-" "Expo/2.27.1.1016677 CFNetwork/1390 Darwin/22.0.0"
::ffff:192.168.1.134 - - [22/Dec/2022:01:23:48 +0000] "GET /api/v1/projects HTTP/1.1" 304 - "-" "okhttp/4.9.2"
::ffff:192.168.1.134 - - [22/Dec/2022:01:24:25 +0000] "GET /api/v1/projects HTTP/1.1" 304 - "-" "okhttp/4.9.2"
::ffff:192.168.1.156 - - [22/Dec/2022:01:24:25 +0000] "GET /api/v1/projects HTTP/1.1" 304 - "-" "Expo/2.27.1.1016677 CFNetwork/1390 Darwin/22.0.0"
::ffff:192.168.1.134 - - [22/Dec/2022:01:24:32 +0000] "GET /api/v1/projects HTTP/1.1" 304 - "-" "okhttp/4.9.2"
::ffff:192.168.1.156 - - [22/Dec/2022:01:24:32 +0000] "GET /api/v1/projects HTTP/1.1" 304 - "-" "Expo/2.27.1.1016677 CFNetwork/1390 Darwin/22.0.0"
::ffff:192.168.1.134 - - [22/Dec/2022:01:24:48 +0000] "GET /api/v1/projects HTTP/1.1" 304 - "-" "okhttp/4.9.2"
::ffff:192.168.1.156 - - [22/Dec/2022:01:24:48 +0000] "GET /api/v1/projects HTTP/1.1" 304 - "-" "Expo/2.27.1.1016677 CFNetwork/1390 Darwin/22.0.0"
::ffff:192.168.1.156 - - [22/Dec/2022:01:25:00 +0000] "GET /api/v1/projects HTTP/1.1" 304 - "-" "Expo/2.27.1.1016677 CFNetwork/1390 Darwin/22.0.0"
::ffff:192.168.1.134 - - [22/Dec/2022:01:25:00 +0000] "GET /api/v1/projects HTTP/1.1" 304 - "-" "okhttp/4.9.2"
::ffff:192.168.1.134 - - [22/Dec/2022:01:25:08 +0000] "GET /api/v1/projects HTTP/1.1" 304 - "-" "okhttp/4.9.2"
::ffff:192.168.1.156 - - [22/Dec/2022:01:25:08 +0000] "GET /api/v1/projects HTTP/1.1" 304 - "-" "Expo/2.27.1.1016677 CFNetwork/1390 Darwin/22.0.0"
::ffff:192.168.1.156 - - [22/Dec/2022:01:25:13 +0000] "GET /api/v1/projects HTTP/1.1" 304 - "-" "Expo/2.27.1.1016677 CFNetwork/1390 Darwin/22.0.0"
::ffff:192.168.1.134 - - [22/Dec/2022:01:25:13 +0000] "GET /api/v1/projects HTTP/1.1" 304 - "-" "okhttp/4.9.2"
::ffff:192.168.1.156 - - [22/Dec/2022:01:25:17 +0000] "GET /api/v1/projects HTTP/1.1" 304 - "-" "Expo/2.27.1.1016677 CFNetwork/1390 Darwin/22.0.0"
::ffff:192.168.1.134 - - [22/Dec/2022:01:25:17 +0000] "GET /api/v1/projects HTTP/1.1" 304 - "-" "okhttp/4.9.2"
::ffff:192.168.1.134 - - [22/Dec/2022:01:25:21 +0000] "GET /api/v1/projects HTTP/1.1" 304 - "-" "okhttp/4.9.2"
::ffff:192.168.1.156 - - [22/Dec/2022:01:25:21 +0000] "GET /api/v1/projects HTTP/1.1" 304 - "-" "Expo/2.27.1.1016677 CFNetwork/1390 Darwin/22.0.0"
::ffff:192.168.1.134 - - [22/Dec/2022:01:25:32 +0000] "GET /api/v1/projects HTTP/1.1" 304 - "-" "okhttp/4.9.2"
::ffff:192.168.1.156 - - [22/Dec/2022:01:25:32 +0000] "GET /api/v1/projects HTTP/1.1" 304 - "-" "Expo/2.27.1.1016677 CFNetwork/1390 Darwin/22.0.0"
::ffff:192.168.1.134 - - [22/Dec/2022:01:26:15 +0000] "GET /api/v1/projects HTTP/1.1" 304 - "-" "okhttp/4.9.2"
::ffff:192.168.1.156 - - [22/Dec/2022:01:26:15 +0000] "GET /api/v1/projects HTTP/1.1" 304 - "-" "Expo/2.27.1.1016677 CFNetwork/1390 Darwin/22.0.0"
::ffff:192.168.1.134 - - [22/Dec/2022:01:26:23 +0000] "GET /api/v1/projects HTTP/1.1" 304 - "-" "okhttp/4.9.2"
::ffff:192.168.1.156 - - [22/Dec/2022:01:26:23 +0000] "GET /api/v1/projects HTTP/1.1" 304 - "-" "Expo/2.27.1.1016677 CFNetwork/1390 Darwin/22.0.0"
::ffff:192.168.1.134 - - [22/Dec/2022:01:26:46 +0000] "GET /api/v1/projects HTTP/1.1" 304 - "-" "okhttp/4.9.2"
::ffff:192.168.1.156 - - [22/Dec/2022:01:26:46 +0000] "GET /api/v1/projects HTTP/1.1" 304 - "-" "Expo/2.27.1.1016677 CFNetwork/1390 Darwin/22.0.0"
::ffff:192.168.1.134 - - [22/Dec/2022:01:27:24 +0000] "GET /api/v1/projects HTTP/1.1" 304 - "-" "okhttp/4.9.2"
::ffff:192.168.1.156 - - [22/Dec/2022:01:27:24 +0000] "GET /api/v1/projects HTTP/1.1" 304 - "-" "Expo/2.27.1.1016677 CFNetwork/1390 Darwin/22.0.0"
::ffff:192.168.1.134 - - [22/Dec/2022:01:27:43 +0000] "GET /api/v1/projects HTTP/1.1" 304 - "-" "okhttp/4.9.2"
::ffff:192.168.1.156 - - [22/Dec/2022:01:27:43 +0000] "GET /api/v1/projects HTTP/1.1" 304 - "-" "Expo/2.27.1.1016677 CFNetwork/1390 Darwin/22.0.0"
::ffff:192.168.1.156 - - [22/Dec/2022:01:27:52 +0000] "GET /api/v1/projects HTTP/1.1" 304 - "-" "Expo/2.27.1.1016677 CFNetwork/1390 Darwin/22.0.0"
::ffff:192.168.1.134 - - [22/Dec/2022:01:27:52 +0000] "GET /api/v1/projects HTTP/1.1" 304 - "-" "okhttp/4.9.2"
::ffff:192.168.1.156 - - [22/Dec/2022:01:28:01 +0000] "GET /api/v1/projects HTTP/1.1" 304 - "-" "Expo/2.27.1.1016677 CFNetwork/1390 Darwin/22.0.0"
::ffff:192.168.1.134 - - [22/Dec/2022:01:28:01 +0000] "GET /api/v1/projects HTTP/1.1" 304 - "-" "okhttp/4.9.2"
::ffff:192.168.1.156 - - [22/Dec/2022:01:28:06 +0000] "GET /api/v1/projects HTTP/1.1" 304 - "-" "Expo/2.27.1.1016677 CFNetwork/1390 Darwin/22.0.0"
::ffff:192.168.1.134 - - [22/Dec/2022:01:28:06 +0000] "GET /api/v1/projects HTTP/1.1" 304 - "-" "okhttp/4.9.2"
::ffff:192.168.1.156 - - [22/Dec/2022:01:28:12 +0000] "GET /api/v1/projects HTTP/1.1" 304 - "-" "Expo/2.27.1.1016677 CFNetwork/1390 Darwin/22.0.0"
::ffff:192.168.1.134 - - [22/Dec/2022:01:28:12 +0000] "GET /api/v1/projects HTTP/1.1" 304 - "-" "okhttp/4.9.2"
::ffff:192.168.1.156 - - [22/Dec/2022:01:28:22 +0000] "GET /api/v1/projects HTTP/1.1" 304 - "-" "Expo/2.27.1.1016677 CFNetwork/1390 Darwin/22.0.0"
::ffff:192.168.1.134 - - [22/Dec/2022:01:28:22 +0000] "GET /api/v1/projects HTTP/1.1" 304 - "-" "okhttp/4.9.2"
::ffff:192.168.1.156 - - [22/Dec/2022:01:28:54 +0000] "GET /api/v1/units/63a2a42c0caa8da36c34e054 HTTP/1.1" 200 2902 "-" "Expo/2.27.1.1016677 CFNetwork/1390 Darwin/22.0.0"
::ffff:192.168.1.156 - - [22/Dec/2022:01:28:58 +0000] "GET /api/v1/buildings HTTP/1.1" 304 - "-" "Expo/2.27.1.1016677 CFNetwork/1390 Darwin/22.0.0"
::ffff:192.168.1.134 - - [22/Dec/2022:01:29:08 +0000] "GET /api/v1/units HTTP/1.1" 304 - "-" "okhttp/4.9.2"
::ffff:192.168.1.134 - - [22/Dec/2022:01:29:09 +0000] "GET /api/v1/buildings HTTP/1.1" 304 - "-" "okhttp/4.9.2"
::ffff:192.168.1.156 - - [22/Dec/2022:01:29:31 +0000] "GET /api/v1/projects HTTP/1.1" 304 - "-" "Expo/2.27.1.1016677 CFNetwork/1390 Darwin/22.0.0"
::ffff:192.168.1.134 - - [22/Dec/2022:01:29:38 +0000] "GET /api/v1/projects HTTP/1.1" 304 - "-" "okhttp/4.9.2"
::ffff:192.168.1.134 - - [22/Dec/2022:01:29:42 +0000] "GET /api/v1/projects HTTP/1.1" 304 - "-" "okhttp/4.9.2"
::ffff:192.168.1.134 - - [22/Dec/2022:01:30:19 +0000] "GET /api/v1/projects HTTP/1.1" 304 - "-" "okhttp/4.9.2"
::ffff:192.168.1.156 - - [22/Dec/2022:01:30:19 +0000] "GET /api/v1/projects HTTP/1.1" 304 - "-" "Expo/2.27.1.1016677 CFNetwork/1390 Darwin/22.0.0"
::ffff:192.168.1.134 - - [22/Dec/2022:01:31:15 +0000] "GET /api/v1/projects HTTP/1.1" 304 - "-" "okhttp/4.9.2"
::ffff:192.168.1.156 - - [22/Dec/2022:01:31:15 +0000] "GET /api/v1/projects HTTP/1.1" 304 - "-" "Expo/2.27.1.1016677 CFNetwork/1390 Darwin/22.0.0"
::ffff:192.168.1.156 - - [22/Dec/2022:01:31:47 +0000] "GET /api/v1/projects HTTP/1.1" 304 - "-" "Expo/2.27.1.1016677 CFNetwork/1390 Darwin/22.0.0"
::ffff:192.168.1.134 - - [22/Dec/2022:01:31:47 +0000] "GET /api/v1/projects HTTP/1.1" 304 - "-" "okhttp/4.9.2"
::ffff:192.168.1.156 - - [22/Dec/2022:01:33:03 +0000] "GET /api/v1/projects HTTP/1.1" 304 - "-" "Expo/2.27.1.1016677 CFNetwork/1390 Darwin/22.0.0"
::ffff:192.168.1.134 - - [22/Dec/2022:01:33:03 +0000] "GET /api/v1/projects HTTP/1.1" 304 - "-" "okhttp/4.9.2"
::ffff:192.168.1.134 - - [22/Dec/2022:01:33:24 +0000] "GET /api/v1/buildings HTTP/1.1" 304 - "-" "okhttp/4.9.2"
::ffff:192.168.1.134 - - [22/Dec/2022:01:33:32 +0000] "GET /api/v1/projects HTTP/1.1" 304 - "-" "okhttp/4.9.2"
::ffff:192.168.1.134 - - [22/Dec/2022:01:33:45 +0000] "GET /api/v1/buildings HTTP/1.1" 304 - "-" "okhttp/4.9.2"
::ffff:192.168.1.134 - - [22/Dec/2022:01:34:09 +0000] "GET /api/v1/projects HTTP/1.1" 304 - "-" "okhttp/4.9.2"
::ffff:192.168.1.134 - - [22/Dec/2022:01:34:25 +0000] "GET /api/v1/buildings HTTP/1.1" 304 - "-" "okhttp/4.9.2"
::ffff:192.168.1.156 - - [22/Dec/2022:01:35:00 +0000] "GET /api/v1/projects HTTP/1.1" 304 - "-" "Expo/2.27.1.1016677 CFNetwork/1390 Darwin/22.0.0"
::ffff:192.168.1.134 - - [22/Dec/2022:01:35:08 +0000] "GET /api/v1/projects HTTP/1.1" 304 - "-" "okhttp/4.9.2"
::ffff:192.168.1.134 - - [22/Dec/2022:01:35:29 +0000] "GET /api/v1/projects HTTP/1.1" 304 - "-" "okhttp/4.9.2"
::ffff:192.168.1.156 - - [22/Dec/2022:01:35:29 +0000] "GET /api/v1/projects HTTP/1.1" 304 - "-" "Expo/2.27.1.1016677 CFNetwork/1390 Darwin/22.0.0"
::ffff:192.168.1.134 - - [22/Dec/2022:01:35:46 +0000] "GET /api/v1/projects HTTP/1.1" 304 - "-" "okhttp/4.9.2"
::ffff:192.168.1.156 - - [22/Dec/2022:01:35:46 +0000] "GET /api/v1/projects HTTP/1.1" 304 - "-" "Expo/2.27.1.1016677 CFNetwork/1390 Darwin/22.0.0"
::ffff:192.168.1.134 - - [22/Dec/2022:01:36:19 +0000] "GET /api/v1/projects HTTP/1.1" 304 - "-" "okhttp/4.9.2"
::ffff:192.168.1.156 - - [22/Dec/2022:01:36:20 +0000] "GET /api/v1/projects HTTP/1.1" 304 - "-" "Expo/2.27.1.1016677 CFNetwork/1390 Darwin/22.0.0"
::ffff:192.168.1.134 - - [22/Dec/2022:01:36:25 +0000] "GET /api/v1/projects HTTP/1.1" 304 - "-" "okhttp/4.9.2"
::ffff:192.168.1.156 - - [22/Dec/2022:01:36:25 +0000] "GET /api/v1/projects HTTP/1.1" 304 - "-" "Expo/2.27.1.1016677 CFNetwork/1390 Darwin/22.0.0"
::ffff:192.168.1.134 - - [22/Dec/2022:01:36:36 +0000] "GET /api/v1/projects HTTP/1.1" 304 - "-" "okhttp/4.9.2"
::ffff:192.168.1.156 - - [22/Dec/2022:01:36:36 +0000] "GET /api/v1/projects HTTP/1.1" 304 - "-" "Expo/2.27.1.1016677 CFNetwork/1390 Darwin/22.0.0"
::ffff:192.168.1.134 - - [22/Dec/2022:01:37:01 +0000] "POST /api/v1/buildings HTTP/1.1" 200 284 "-" "okhttp/4.9.2"
::ffff:192.168.1.156 - - [22/Dec/2022:01:37:41 +0000] "GET /api/v1/units HTTP/1.1" 304 - "-" "Expo/2.27.1.1016677 CFNetwork/1390 Darwin/22.0.0"
::ffff:192.168.1.156 - - [22/Dec/2022:01:37:44 +0000] "GET /api/v1/units/6393e8d92881c716d3a29198 HTTP/1.1" 304 - "-" "Expo/2.27.1.1016677 CFNetwork/1390 Darwin/22.0.0"
::ffff:192.168.1.156 - - [22/Dec/2022:01:37:46 +0000] "GET /api/v1/units/6393e8d92881c716d3a29198 HTTP/1.1" 304 - "-" "Expo/2.27.1.1016677 CFNetwork/1390 Darwin/22.0.0"
::ffff:192.168.1.156 - - [22/Dec/2022:01:37:49 +0000] "GET /api/v1/units/6393e8d92881c716d3a29198 HTTP/1.1" 304 - "-" "Expo/2.27.1.1016677 CFNetwork/1390 Darwin/22.0.0"
::ffff:192.168.1.134 - - [22/Dec/2022:01:37:57 +0000] "GET /api/v1/units HTTP/1.1" 304 - "-" "okhttp/4.9.2"
::ffff:192.168.1.134 - - [22/Dec/2022:01:37:59 +0000] "GET /api/v1/units/6393e8d92881c716d3a29198 HTTP/1.1" 304 - "-" "okhttp/4.9.2"
::ffff:192.168.1.134 - - [22/Dec/2022:01:38:08 +0000] "GET /api/v1/units/6393e8e42881c716d3a291b0 HTTP/1.1" 304 - "-" "okhttp/4.9.2"
::ffff:192.168.1.134 - - [22/Dec/2022:01:38:11 +0000] "GET /api/v1/units/6393e8e92881c716d3a291c8 HTTP/1.1" 304 - "-" "okhttp/4.9.2"
::ffff:192.168.1.134 - - [22/Dec/2022:01:38:14 +0000] "GET /api/v1/units/6393e8ee2881c716d3a291e0 HTTP/1.1" 304 - "-" "okhttp/4.9.2"
::ffff:192.168.1.134 - - [22/Dec/2022:01:38:17 +0000] "GET /api/v1/units/63a1196367fd6047824f2a07 HTTP/1.1" 304 - "-" "okhttp/4.9.2"
::ffff:192.168.1.134 - - [22/Dec/2022:01:38:20 +0000] "GET /api/v1/units/63a2a42c0caa8da36c34e054 HTTP/1.1" 304 - "-" "okhttp/4.9.2"
::ffff:192.168.1.134 - - [22/Dec/2022:01:38:25 +0000] "GET /api/v1/units/6393e8d92881c716d3a29198 HTTP/1.1" 304 - "-" "okhttp/4.9.2"
::ffff:192.168.1.134 - - [22/Dec/2022:01:38:51 +0000] "GET /api/v1/units/6393e8d92881c716d3a29198 HTTP/1.1" 304 - "-" "okhttp/4.9.2"
::ffff:192.168.1.134 - - [22/Dec/2022:01:42:53 +0000] "GET /api/v1/units/6393e8d92881c716d3a29198 HTTP/1.1" 304 - "-" "okhttp/4.9.2"
::ffff:192.168.1.156 - - [22/Dec/2022:01:42:54 +0000] "GET /api/v1/units/6393e8d92881c716d3a29198 HTTP/1.1" 304 - "-" "Expo/2.27.1.1016677 CFNetwork/1390 Darwin/22.0.0"
::ffff:192.168.1.156 - - [22/Dec/2022:01:43:19 +0000] "GET /api/v1/units/6393e8d92881c716d3a29198 HTTP/1.1" 304 - "-" "Expo/2.27.1.1016677 CFNetwork/1390 Darwin/22.0.0"
::ffff:192.168.1.134 - - [22/Dec/2022:01:43:19 +0000] "GET /api/v1/units/6393e8d92881c716d3a29198 HTTP/1.1" 304 - "-" "okhttp/4.9.2"
::ffff:192.168.1.123 - - [22/Dec/2022:01:43:46 +0000] "GET /api/v1/buildings HTTP/1.1" 200 1611 "http://localhost:19006/" "Mozilla/5.0 (Macintosh; Intel Mac OS X 10_15_7) AppleWebKit/537.36 (KHTML, like Gecko) Chrome/108.0.0.0 Safari/537.36"
::ffff:192.168.1.123 - - [22/Dec/2022:01:43:48 +0000] "GET /api/v1/units HTTP/1.1" 304 - "http://localhost:19006/" "Mozilla/5.0 (Macintosh; Intel Mac OS X 10_15_7) AppleWebKit/537.36 (KHTML, like Gecko) Chrome/108.0.0.0 Safari/537.36"
::ffff:192.168.1.123 - - [22/Dec/2022:01:43:50 +0000] "GET /api/v1/units/6393e8d92881c716d3a29198 HTTP/1.1" 200 2833 "http://localhost:19006/" "Mozilla/5.0 (Macintosh; Intel Mac OS X 10_15_7) AppleWebKit/537.36 (KHTML, like Gecko) Chrome/108.0.0.0 Safari/537.36"
::ffff:192.168.1.134 - - [22/Dec/2022:01:44:27 +0000] "GET /api/v1/buildings HTTP/1.1" 200 1611 "-" "okhttp/4.9.2"
::ffff:192.168.1.134 - - [22/Dec/2022:01:44:32 +0000] "GET /api/v1/units HTTP/1.1" 304 - "-" "okhttp/4.9.2"
::ffff:192.168.1.134 - - [22/Dec/2022:01:44:33 +0000] "GET /api/v1/units/6393e8d92881c716d3a29198 HTTP/1.1" 304 - "-" "okhttp/4.9.2"
::ffff:192.168.1.134 - - [22/Dec/2022:01:45:43 +0000] "GET /api/v1/buildings HTTP/1.1" 304 - "-" "okhttp/4.9.2"
::ffff:192.168.1.134 - - [22/Dec/2022:01:45:46 +0000] "GET /api/v1/units HTTP/1.1" 304 - "-" "okhttp/4.9.2"
::ffff:192.168.1.134 - - [22/Dec/2022:01:45:47 +0000] "GET /api/v1/units/63a2a42c0caa8da36c34e054 HTTP/1.1" 304 - "-" "okhttp/4.9.2"
::ffff:192.168.1.134 - - [22/Dec/2022:01:45:57 +0000] "GET /api/v1/units HTTP/1.1" 304 - "-" "okhttp/4.9.2"
::ffff:192.168.1.134 - - [22/Dec/2022:01:45:59 +0000] "GET /api/v1/units/63a2a42c0caa8da36c34e054 HTTP/1.1" 304 - "-" "okhttp/4.9.2"
::ffff:192.168.1.134 - - [22/Dec/2022:01:46:12 +0000] "GET /api/v1/units/6393e8d92881c716d3a29198 HTTP/1.1" 304 - "-" "okhttp/4.9.2"
::ffff:192.168.1.123 - - [22/Dec/2022:01:46:22 +0000] "GET /api/v1/buildings HTTP/1.1" 304 - "http://localhost:19006/" "Mozilla/5.0 (Macintosh; Intel Mac OS X 10_15_7) AppleWebKit/537.36 (KHTML, like Gecko) Chrome/108.0.0.0 Safari/537.36"
::ffff:192.168.1.123 - - [22/Dec/2022:01:46:24 +0000] "GET /api/v1/units HTTP/1.1" 304 - "http://localhost:19006/" "Mozilla/5.0 (Macintosh; Intel Mac OS X 10_15_7) AppleWebKit/537.36 (KHTML, like Gecko) Chrome/108.0.0.0 Safari/537.36"
::ffff:192.168.1.123 - - [22/Dec/2022:01:46:27 +0000] "GET /api/v1/units/63a2a42c0caa8da36c34e054 HTTP/1.1" 304 - "http://localhost:19006/" "Mozilla/5.0 (Macintosh; Intel Mac OS X 10_15_7) AppleWebKit/537.36 (KHTML, like Gecko) Chrome/108.0.0.0 Safari/537.36"
::ffff:192.168.1.134 - - [22/Dec/2022:01:47:26 +0000] "GET /api/v1/units/6393e8d92881c716d3a29198 HTTP/1.1" 304 - "-" "okhttp/4.9.2"
::ffff:192.168.1.123 - - [22/Dec/2022:01:47:30 +0000] "GET /api/v1/buildings HTTP/1.1" 304 - "http://localhost:19006/" "Mozilla/5.0 (Macintosh; Intel Mac OS X 10_15_7) AppleWebKit/537.36 (KHTML, like Gecko) Chrome/108.0.0.0 Safari/537.36"
::ffff:192.168.1.123 - - [22/Dec/2022:01:47:32 +0000] "GET /api/v1/units HTTP/1.1" 304 - "http://localhost:19006/" "Mozilla/5.0 (Macintosh; Intel Mac OS X 10_15_7) AppleWebKit/537.36 (KHTML, like Gecko) Chrome/108.0.0.0 Safari/537.36"
::ffff:192.168.1.123 - - [22/Dec/2022:01:47:33 +0000] "GET /api/v1/units/6393e8d92881c716d3a29198 HTTP/1.1" 304 - "http://localhost:19006/" "Mozilla/5.0 (Macintosh; Intel Mac OS X 10_15_7) AppleWebKit/537.36 (KHTML, like Gecko) Chrome/108.0.0.0 Safari/537.36"
::ffff:192.168.1.134 - - [22/Dec/2022:01:49:52 +0000] "GET /api/v1/buildings HTTP/1.1" 304 - "-" "okhttp/4.9.2"
::ffff:192.168.1.134 - - [22/Dec/2022:01:49:54 +0000] "GET /api/v1/units HTTP/1.1" 304 - "-" "okhttp/4.9.2"
::ffff:192.168.1.134 - - [22/Dec/2022:01:49:56 +0000] "GET /api/v1/units/63a2a42c0caa8da36c34e054 HTTP/1.1" 304 - "-" "okhttp/4.9.2"
::ffff:192.168.1.134 - - [22/Dec/2022:01:54:59 +0000] "GET /api/v1/buildings HTTP/1.1" 304 - "-" "okhttp/4.9.2"
::ffff:192.168.1.134 - - [22/Dec/2022:01:55:01 +0000] "GET /api/v1/units HTTP/1.1" 304 - "-" "okhttp/4.9.2"
::ffff:192.168.1.134 - - [22/Dec/2022:01:55:02 +0000] "GET /api/v1/units/63a2a42c0caa8da36c34e054 HTTP/1.1" 304 - "-" "okhttp/4.9.2"
::ffff:192.168.1.134 - - [22/Dec/2022:01:55:19 +0000] "GET /api/v1/buildings HTTP/1.1" 304 - "-" "okhttp/4.9.2"
::ffff:192.168.1.134 - - [22/Dec/2022:01:55:21 +0000] "GET /api/v1/units HTTP/1.1" 304 - "-" "okhttp/4.9.2"
::ffff:192.168.1.134 - - [22/Dec/2022:01:55:22 +0000] "GET /api/v1/units/63a2a42c0caa8da36c34e054 HTTP/1.1" 304 - "-" "okhttp/4.9.2"
::ffff:192.168.1.134 - - [22/Dec/2022:01:59:25 +0000] "GET /api/v1/units/63a2a42c0caa8da36c34e054 HTTP/1.1" 304 - "-" "okhttp/4.9.2"
::ffff:192.168.1.156 - - [22/Dec/2022:02:03:40 +0000] "GET /api/v1/buildings HTTP/1.1" 200 1611 "-" "Expo/2.27.1.1016677 CFNetwork/1390 Darwin/22.0.0"
::ffff:192.168.1.156 - - [22/Dec/2022:02:03:41 +0000] "GET /api/v1/units HTTP/1.1" 304 - "-" "Expo/2.27.1.1016677 CFNetwork/1390 Darwin/22.0.0"
::ffff:192.168.1.156 - - [22/Dec/2022:02:03:42 +0000] "GET /api/v1/units/63a2a42c0caa8da36c34e054 HTTP/1.1" 304 - "-" "Expo/2.27.1.1016677 CFNetwork/1390 Darwin/22.0.0"
::ffff:192.168.1.134 - - [22/Dec/2022:02:17:18 +0000] "GET /api/v1/buildings HTTP/1.1" 304 - "-" "okhttp/4.9.2"
::ffff:192.168.1.134 - - [22/Dec/2022:02:17:19 +0000] "GET /api/v1/units HTTP/1.1" 304 - "-" "okhttp/4.9.2"
::ffff:192.168.1.134 - - [22/Dec/2022:02:17:21 +0000] "GET /api/v1/units/63a2a42c0caa8da36c34e054 HTTP/1.1" 304 - "-" "okhttp/4.9.2"
::ffff:192.168.1.134 - - [22/Dec/2022:02:21:35 +0000] "GET /api/v1/buildings HTTP/1.1" 304 - "-" "okhttp/4.9.2"
::ffff:192.168.1.134 - - [22/Dec/2022:02:21:36 +0000] "GET /api/v1/units HTTP/1.1" 304 - "-" "okhttp/4.9.2"
::ffff:192.168.1.134 - - [22/Dec/2022:02:21:38 +0000] "GET /api/v1/units/63a2a42c0caa8da36c34e054 HTTP/1.1" 304 - "-" "okhttp/4.9.2"
::ffff:192.168.1.156 - - [22/Dec/2022:02:44:02 +0000] "GET /api/v1/buildings HTTP/1.1" 304 - "-" "Expo/2.27.1.1016677 CFNetwork/1390 Darwin/22.0.0"
::ffff:192.168.1.156 - - [22/Dec/2022:02:44:04 +0000] "GET /api/v1/units HTTP/1.1" 304 - "-" "Expo/2.27.1.1016677 CFNetwork/1390 Darwin/22.0.0"
::ffff:192.168.1.156 - - [22/Dec/2022:02:44:06 +0000] "GET /api/v1/units/63a2a42c0caa8da36c34e054 HTTP/1.1" 304 - "-" "Expo/2.27.1.1016677 CFNetwork/1390 Darwin/22.0.0"
::ffff:192.168.1.156 - - [22/Dec/2022:02:47:06 +0000] "GET /api/v1/buildings HTTP/1.1" 304 - "-" "Expo/2.27.1.1016677 CFNetwork/1390 Darwin/22.0.0"
::ffff:192.168.1.156 - - [22/Dec/2022:02:47:08 +0000] "GET /api/v1/units HTTP/1.1" 304 - "-" "Expo/2.27.1.1016677 CFNetwork/1390 Darwin/22.0.0"
::ffff:192.168.1.156 - - [22/Dec/2022:02:47:10 +0000] "GET /api/v1/units/63a2a42c0caa8da36c34e054 HTTP/1.1" 304 - "-" "Expo/2.27.1.1016677 CFNetwork/1390 Darwin/22.0.0"
::ffff:192.168.1.134 - - [22/Dec/2022:02:47:43 +0000] "GET /api/v1/buildings HTTP/1.1" 304 - "-" "okhttp/4.9.2"
::ffff:192.168.1.134 - - [22/Dec/2022:02:47:44 +0000] "GET /api/v1/units HTTP/1.1" 304 - "-" "okhttp/4.9.2"
::ffff:192.168.1.134 - - [22/Dec/2022:02:47:47 +0000] "GET /api/v1/units/63a2a42c0caa8da36c34e054 HTTP/1.1" 304 - "-" "okhttp/4.9.2"
::ffff:192.168.1.134 - - [22/Dec/2022:02:53:01 +0000] "GET /api/v1/units/63a2a42c0caa8da36c34e054 HTTP/1.1" 304 - "-" "okhttp/4.9.2"
::ffff:192.168.1.134 - - [22/Dec/2022:02:53:05 +0000] "GET /api/v1/units/63a1196367fd6047824f2a07 HTTP/1.1" 304 - "-" "okhttp/4.9.2"
::ffff:192.168.1.134 - - [22/Dec/2022:02:54:53 +0000] "GET /api/v1/units/6393e8d92881c716d3a29198 HTTP/1.1" 304 - "-" "okhttp/4.9.2"
::ffff:192.168.1.134 - - [22/Dec/2022:03:11:49 +0000] "GET /api/v1/units/63a2a42c0caa8da36c34e054 HTTP/1.1" 304 - "-" "okhttp/4.9.2"
::ffff:192.168.1.134 - - [22/Dec/2022:03:13:49 +0000] "GET /api/v1/units HTTP/1.1" 304 - "-" "okhttp/4.9.2"
::ffff:192.168.1.134 - - [22/Dec/2022:03:14:57 +0000] "GET /api/v1/units HTTP/1.1" 304 - "-" "okhttp/4.9.2"
::ffff:192.168.1.156 - - [22/Dec/2022:03:15:14 +0000] "GET /api/v1/buildings HTTP/1.1" 304 - "-" "Expo/2.27.1.1016677 CFNetwork/1390 Darwin/22.0.0"
::ffff:192.168.1.156 - - [22/Dec/2022:03:15:15 +0000] "GET /api/v1/units HTTP/1.1" 304 - "-" "Expo/2.27.1.1016677 CFNetwork/1390 Darwin/22.0.0"
::ffff:192.168.1.123 - - [22/Dec/2022:03:15:56 +0000] "GET /api/v1/buildings HTTP/1.1" 304 - "http://localhost:19006/" "Mozilla/5.0 (Macintosh; Intel Mac OS X 10_15_7) AppleWebKit/537.36 (KHTML, like Gecko) Chrome/108.0.0.0 Safari/537.36"
::ffff:192.168.1.123 - - [22/Dec/2022:03:15:58 +0000] "GET /api/v1/units HTTP/1.1" 304 - "http://localhost:19006/" "Mozilla/5.0 (Macintosh; Intel Mac OS X 10_15_7) AppleWebKit/537.36 (KHTML, like Gecko) Chrome/108.0.0.0 Safari/537.36"
::ffff:192.168.1.134 - - [22/Dec/2022:03:18:01 +0000] "GET /api/v1/units/63a2a42c0caa8da36c34e054 HTTP/1.1" 304 - "-" "okhttp/4.9.2"
::ffff:192.168.1.123 - - [22/Dec/2022:03:18:31 +0000] "GET /api/v1/buildings HTTP/1.1" 304 - "http://localhost:19006/" "Mozilla/5.0 (Macintosh; Intel Mac OS X 10_15_7) AppleWebKit/537.36 (KHTML, like Gecko) Chrome/108.0.0.0 Safari/537.36"
::ffff:192.168.1.123 - - [22/Dec/2022:03:18:33 +0000] "GET /api/v1/units HTTP/1.1" 304 - "http://localhost:19006/" "Mozilla/5.0 (Macintosh; Intel Mac OS X 10_15_7) AppleWebKit/537.36 (KHTML, like Gecko) Chrome/108.0.0.0 Safari/537.36"
::ffff:192.168.1.123 - - [22/Dec/2022:03:21:25 +0000] "GET /api/v1/buildings HTTP/1.1" 304 - "http://localhost:19006/" "Mozilla/5.0 (Macintosh; Intel Mac OS X 10_15_7) AppleWebKit/537.36 (KHTML, like Gecko) Chrome/108.0.0.0 Safari/537.36"
::ffff:192.168.1.123 - - [22/Dec/2022:03:21:27 +0000] "GET /api/v1/units HTTP/1.1" 304 - "http://localhost:19006/" "Mozilla/5.0 (Macintosh; Intel Mac OS X 10_15_7) AppleWebKit/537.36 (KHTML, like Gecko) Chrome/108.0.0.0 Safari/537.36"
::ffff:192.168.1.134 - - [22/Dec/2022:03:22:18 +0000] "GET /api/v1/units HTTP/1.1" 304 - "-" "okhttp/4.9.2"
::ffff:192.168.1.134 - - [22/Dec/2022:03:22:28 +0000] "GET /api/v1/units HTTP/1.1" 304 - "-" "okhttp/4.9.2"
::ffff:192.168.1.134 - - [22/Dec/2022:03:22:31 +0000] "GET /api/v1/units/63a2a42c0caa8da36c34e054 HTTP/1.1" 304 - "-" "okhttp/4.9.2"
::ffff:192.168.1.134 - - [22/Dec/2022:03:24:24 +0000] "GET /api/v1/units/63a2a42c0caa8da36c34e054 HTTP/1.1" 304 - "-" "okhttp/4.9.2"
::ffff:192.168.1.156 - - [22/Dec/2022:03:24:42 +0000] "GET /api/v1/buildings HTTP/1.1" 304 - "-" "Expo/2.27.1.1016677 CFNetwork/1390 Darwin/22.0.0"
::ffff:192.168.1.134 - - [22/Dec/2022:03:26:02 +0000] "GET /api/v1/units/63a2a42c0caa8da36c34e054 HTTP/1.1" 304 - "-" "okhttp/4.9.2"
::ffff:192.168.1.156 - - [22/Dec/2022:03:26:07 +0000] "GET /api/v1/units HTTP/1.1" 304 - "-" "Expo/2.27.1.1016677 CFNetwork/1390 Darwin/22.0.0"
::ffff:192.168.1.156 - - [22/Dec/2022:03:26:08 +0000] "GET /api/v1/units/63a2a42c0caa8da36c34e054 HTTP/1.1" 304 - "-" "Expo/2.27.1.1016677 CFNetwork/1390 Darwin/22.0.0"
::ffff:192.168.1.156 - - [22/Dec/2022:03:27:47 +0000] "GET /api/v1/units/63a2a42c0caa8da36c34e054 HTTP/1.1" 304 - "-" "Expo/2.27.1.1016677 CFNetwork/1390 Darwin/22.0.0"
::ffff:192.168.1.134 - - [22/Dec/2022:03:27:47 +0000] "GET /api/v1/units/63a2a42c0caa8da36c34e054 HTTP/1.1" 304 - "-" "okhttp/4.9.2"
::ffff:192.168.1.156 - - [22/Dec/2022:03:28:19 +0000] "GET /api/v1/units/63a2a42c0caa8da36c34e054 HTTP/1.1" 304 - "-" "Expo/2.27.1.1016677 CFNetwork/1390 Darwin/22.0.0"
::ffff:192.168.1.134 - - [22/Dec/2022:03:28:19 +0000] "GET /api/v1/units/63a2a42c0caa8da36c34e054 HTTP/1.1" 304 - "-" "okhttp/4.9.2"
::ffff:192.168.1.156 - - [22/Dec/2022:03:28:46 +0000] "GET /api/v1/units/63a2a42c0caa8da36c34e054 HTTP/1.1" 304 - "-" "Expo/2.27.1.1016677 CFNetwork/1390 Darwin/22.0.0"
::ffff:192.168.1.134 - - [22/Dec/2022:03:28:47 +0000] "GET /api/v1/units/63a2a42c0caa8da36c34e054 HTTP/1.1" 304 - "-" "okhttp/4.9.2"
::ffff:192.168.1.134 - - [22/Dec/2022:03:29:10 +0000] "GET /api/v1/units/63a2a42c0caa8da36c34e054 HTTP/1.1" 304 - "-" "okhttp/4.9.2"
::ffff:192.168.1.156 - - [22/Dec/2022:03:29:10 +0000] "GET /api/v1/units/63a2a42c0caa8da36c34e054 HTTP/1.1" 304 - "-" "Expo/2.27.1.1016677 CFNetwork/1390 Darwin/22.0.0"
::ffff:192.168.1.134 - - [22/Dec/2022:03:30:36 +0000] "GET /api/v1/units/63a2a42c0caa8da36c34e054 HTTP/1.1" 304 - "-" "okhttp/4.9.2"
::ffff:192.168.1.156 - - [22/Dec/2022:03:30:37 +0000] "GET /api/v1/units/63a2a42c0caa8da36c34e054 HTTP/1.1" 304 - "-" "Expo/2.27.1.1016677 CFNetwork/1390 Darwin/22.0.0"
::ffff:192.168.1.134 - - [22/Dec/2022:03:31:28 +0000] "GET /api/v1/units/63a2a42c0caa8da36c34e054 HTTP/1.1" 304 - "-" "okhttp/4.9.2"
::ffff:192.168.1.156 - - [22/Dec/2022:03:31:29 +0000] "GET /api/v1/units/63a2a42c0caa8da36c34e054 HTTP/1.1" 304 - "-" "Expo/2.27.1.1016677 CFNetwork/1390 Darwin/22.0.0"
::ffff:192.168.1.134 - - [22/Dec/2022:03:32:34 +0000] "GET /api/v1/units/63a2a42c0caa8da36c34e054 HTTP/1.1" 304 - "-" "okhttp/4.9.2"
::ffff:192.168.1.156 - - [22/Dec/2022:03:32:34 +0000] "GET /api/v1/units/63a2a42c0caa8da36c34e054 HTTP/1.1" 304 - "-" "Expo/2.27.1.1016677 CFNetwork/1390 Darwin/22.0.0"
::ffff:192.168.1.134 - - [22/Dec/2022:03:33:35 +0000] "GET /api/v1/units/63a2a42c0caa8da36c34e054 HTTP/1.1" 304 - "-" "okhttp/4.9.2"
::ffff:192.168.1.156 - - [22/Dec/2022:03:33:36 +0000] "GET /api/v1/units/63a2a42c0caa8da36c34e054 HTTP/1.1" 304 - "-" "Expo/2.27.1.1016677 CFNetwork/1390 Darwin/22.0.0"
::ffff:192.168.1.156 - - [22/Dec/2022:03:34:36 +0000] "GET /api/v1/units/63a2a42c0caa8da36c34e054 HTTP/1.1" 304 - "-" "Expo/2.27.1.1016677 CFNetwork/1390 Darwin/22.0.0"
::ffff:192.168.1.134 - - [22/Dec/2022:03:34:36 +0000] "GET /api/v1/units/63a2a42c0caa8da36c34e054 HTTP/1.1" 304 - "-" "okhttp/4.9.2"
::ffff:192.168.1.123 - - [22/Dec/2022:03:40:34 +0000] "GET /api/v1/buildings HTTP/1.1" 304 - "http://localhost:19006/" "Mozilla/5.0 (Macintosh; Intel Mac OS X 10_15_7) AppleWebKit/537.36 (KHTML, like Gecko) Chrome/108.0.0.0 Safari/537.36"
::ffff:192.168.1.123 - - [22/Dec/2022:03:40:36 +0000] "GET /api/v1/units HTTP/1.1" 304 - "http://localhost:19006/" "Mozilla/5.0 (Macintosh; Intel Mac OS X 10_15_7) AppleWebKit/537.36 (KHTML, like Gecko) Chrome/108.0.0.0 Safari/537.36"
::ffff:192.168.1.123 - - [22/Dec/2022:03:40:38 +0000] "GET /api/v1/units/63a2a42c0caa8da36c34e054 HTTP/1.1" 304 - "http://localhost:19006/" "Mozilla/5.0 (Macintosh; Intel Mac OS X 10_15_7) AppleWebKit/537.36 (KHTML, like Gecko) Chrome/108.0.0.0 Safari/537.36"
::1 - - [22/Dec/2022:03:41:25 +0000] "GET /api/v1/units/63a2a42c0caa8da36c34e054 HTTP/1.1" 200 2902 "-" "PostmanRuntime/7.30.0"
::ffff:192.168.1.123 - - [22/Dec/2022:03:42:05 +0000] "GET /api/v1/buildings HTTP/1.1" 304 - "http://localhost:19006/" "Mozilla/5.0 (Macintosh; Intel Mac OS X 10_15_7) AppleWebKit/537.36 (KHTML, like Gecko) Chrome/108.0.0.0 Safari/537.36"
::ffff:192.168.1.123 - - [22/Dec/2022:03:42:07 +0000] "GET /api/v1/units HTTP/1.1" 304 - "http://localhost:19006/" "Mozilla/5.0 (Macintosh; Intel Mac OS X 10_15_7) AppleWebKit/537.36 (KHTML, like Gecko) Chrome/108.0.0.0 Safari/537.36"
::ffff:192.168.1.123 - - [22/Dec/2022:03:42:09 +0000] "GET /api/v1/units/63a2a42c0caa8da36c34e054 HTTP/1.1" 304 - "http://localhost:19006/" "Mozilla/5.0 (Macintosh; Intel Mac OS X 10_15_7) AppleWebKit/537.36 (KHTML, like Gecko) Chrome/108.0.0.0 Safari/537.36"
::ffff:192.168.1.134 - - [22/Dec/2022:03:43:03 +0000] "GET /api/v1/units/63a2a42c0caa8da36c34e054 HTTP/1.1" 304 - "-" "okhttp/4.9.2"
::ffff:192.168.1.134 - - [22/Dec/2022:03:43:21 +0000] "GET /api/v1/units/63a2a42c0caa8da36c34e054 HTTP/1.1" 304 - "-" "okhttp/4.9.2"
::ffff:192.168.1.134 - - [22/Dec/2022:03:47:49 +0000] "GET /api/v1/buildings HTTP/1.1" 304 - "-" "okhttp/4.9.2"
::ffff:192.168.1.134 - - [22/Dec/2022:03:47:50 +0000] "GET /api/v1/units HTTP/1.1" 304 - "-" "okhttp/4.9.2"
::ffff:192.168.1.134 - - [22/Dec/2022:03:47:54 +0000] "GET /api/v1/units/63a2a42c0caa8da36c34e054 HTTP/1.1" 304 - "-" "okhttp/4.9.2"
::ffff:192.168.1.156 - - [22/Dec/2022:03:49:30 +0000] "GET /api/v1/buildings HTTP/1.1" 304 - "-" "Expo/2.27.1.1016677 CFNetwork/1390 Darwin/22.0.0"
::ffff:192.168.1.156 - - [22/Dec/2022:03:49:32 +0000] "GET /api/v1/units HTTP/1.1" 304 - "-" "Expo/2.27.1.1016677 CFNetwork/1390 Darwin/22.0.0"
::ffff:192.168.1.156 - - [22/Dec/2022:03:49:34 +0000] "GET /api/v1/units/63a2a42c0caa8da36c34e054 HTTP/1.1" 304 - "-" "Expo/2.27.1.1016677 CFNetwork/1390 Darwin/22.0.0"
::ffff:192.168.1.134 - - [22/Dec/2022:03:50:07 +0000] "GET /api/v1/units/63a2a42c0caa8da36c34e054 HTTP/1.1" 304 - "-" "okhttp/4.9.2"
::ffff:192.168.1.134 - - [22/Dec/2022:03:52:08 +0000] "GET /api/v1/units/63a2a42c0caa8da36c34e054 HTTP/1.1" 304 - "-" "okhttp/4.9.2"
::ffff:192.168.1.134 - - [22/Dec/2022:04:09:48 +0000] "GET /api/v1/buildings HTTP/1.1" 304 - "-" "okhttp/4.9.2"
::ffff:192.168.1.134 - - [22/Dec/2022:04:09:50 +0000] "GET /api/v1/units HTTP/1.1" 304 - "-" "okhttp/4.9.2"
::ffff:192.168.1.134 - - [22/Dec/2022:04:09:54 +0000] "GET /api/v1/units/63a2a42c0caa8da36c34e054 HTTP/1.1" 304 - "-" "okhttp/4.9.2"
::ffff:192.168.1.134 - - [22/Dec/2022:04:10:00 +0000] "GET /api/v1/units/63a2a42c0caa8da36c34e054 HTTP/1.1" 304 - "-" "okhttp/4.9.2"
::ffff:192.168.1.134 - - [22/Dec/2022:04:11:35 +0000] "GET /api/v1/units/63a2a42c0caa8da36c34e054 HTTP/1.1" 304 - "-" "okhttp/4.9.2"
::ffff:192.168.1.134 - - [22/Dec/2022:04:11:42 +0000] "GET /api/v1/units/63a2a42c0caa8da36c34e054 HTTP/1.1" 304 - "-" "okhttp/4.9.2"
::ffff:192.168.1.134 - - [22/Dec/2022:04:11:53 +0000] "GET /api/v1/units/63a2a42c0caa8da36c34e054 HTTP/1.1" 304 - "-" "okhttp/4.9.2"
::ffff:192.168.1.134 - - [22/Dec/2022:04:12:10 +0000] "GET /api/v1/units/63a2a42c0caa8da36c34e054 HTTP/1.1" 304 - "-" "okhttp/4.9.2"
::ffff:192.168.1.134 - - [22/Dec/2022:04:12:37 +0000] "PUT /api/v1/units/63a2a42c0caa8da36c34e054 HTTP/1.1" 200 2903 "-" "okhttp/4.9.2"
::ffff:192.168.1.134 - - [22/Dec/2022:04:12:37 +0000] "PUT /api/v1/units/63a2a42c0caa8da36c34e054/balcony-before HTTP/1.1" 200 95 "-" "okhttp/4.9.2"
::ffff:192.168.1.134 - - [22/Dec/2022:04:13:27 +0000] "GET /api/v1/units/63a2a42c0caa8da36c34e054 HTTP/1.1" 200 2904 "-" "okhttp/4.9.2"
::ffff:192.168.1.134 - - [22/Dec/2022:04:13:44 +0000] "GET /api/v1/units/63a2a42c0caa8da36c34e054 HTTP/1.1" 304 - "-" "okhttp/4.9.2"
::ffff:192.168.1.134 - - [22/Dec/2022:04:15:39 +0000] "GET /api/v1/buildings HTTP/1.1" 304 - "-" "okhttp/4.9.2"
::ffff:192.168.1.134 - - [22/Dec/2022:04:15:41 +0000] "GET /api/v1/units HTTP/1.1" 200 18982 "-" "okhttp/4.9.2"
::ffff:192.168.1.134 - - [22/Dec/2022:04:15:43 +0000] "GET /api/v1/units/63a2a42c0caa8da36c34e054 HTTP/1.1" 304 - "-" "okhttp/4.9.2"
::1 - - [22/Dec/2022:04:17:00 +0000] "PUT /api/v1/units/6393e8d92881c716d3a29198/bathroom-before HTTP/1.1" 200 91 "-" "PostmanRuntime/7.30.0"
::ffff:192.168.1.134 - - [22/Dec/2022:04:17:32 +0000] "GET /api/v1/units/63a2a42c0caa8da36c34e054 HTTP/1.1" 304 - "-" "okhttp/4.9.2"
::ffff:192.168.1.134 - - [22/Dec/2022:04:18:23 +0000] "GET /api/v1/buildings HTTP/1.1" 304 - "-" "okhttp/4.9.2"
::ffff:192.168.1.134 - - [22/Dec/2022:04:18:25 +0000] "GET /api/v1/units HTTP/1.1" 304 - "-" "okhttp/4.9.2"
::ffff:192.168.1.134 - - [22/Dec/2022:04:18:27 +0000] "GET /api/v1/units/63a2a42c0caa8da36c34e054 HTTP/1.1" 304 - "-" "okhttp/4.9.2"
::ffff:192.168.1.134 - - [22/Dec/2022:04:18:35 +0000] "GET /api/v1/units/63a2a42c0caa8da36c34e054 HTTP/1.1" 304 - "-" "okhttp/4.9.2"
::ffff:192.168.1.156 - - [22/Dec/2022:04:19:39 +0000] "GET /api/v1/buildings HTTP/1.1" 304 - "-" "Expo/2.27.1.1016677 CFNetwork/1390 Darwin/22.0.0"
::ffff:192.168.1.156 - - [22/Dec/2022:04:19:41 +0000] "GET /api/v1/units HTTP/1.1" 200 18982 "-" "Expo/2.27.1.1016677 CFNetwork/1390 Darwin/22.0.0"
::ffff:192.168.1.156 - - [22/Dec/2022:04:19:43 +0000] "GET /api/v1/units/63a2a42c0caa8da36c34e054 HTTP/1.1" 200 2904 "-" "Expo/2.27.1.1016677 CFNetwork/1390 Darwin/22.0.0"
::ffff:192.168.1.156 - - [22/Dec/2022:04:19:53 +0000] "GET /api/v1/units/63a2a42c0caa8da36c34e054 HTTP/1.1" 304 - "-" "Expo/2.27.1.1016677 CFNetwork/1390 Darwin/22.0.0"
::ffff:192.168.1.156 - - [22/Dec/2022:04:20:10 +0000] "GET /api/v1/units/63a2a42c0caa8da36c34e054 HTTP/1.1" 304 - "-" "Expo/2.27.1.1016677 CFNetwork/1390 Darwin/22.0.0"
::ffff:192.168.1.156 - - [22/Dec/2022:04:21:14 +0000] "GET /api/v1/units/63a2a42c0caa8da36c34e054 HTTP/1.1" 304 - "-" "Expo/2.27.1.1016677 CFNetwork/1390 Darwin/22.0.0"
::ffff:192.168.1.156 - - [22/Dec/2022:04:21:58 +0000] "PUT /api/v1/units/63a2a42c0caa8da36c34e054 HTTP/1.1" 200 3268 "-" "Expo/2.27.1.1016677 CFNetwork/1390 Darwin/22.0.0"
::ffff:192.168.1.156 - - [22/Dec/2022:04:21:58 +0000] "PUT /api/v1/units/63a2a42c0caa8da36c34e054/bathroom-before HTTP/1.1" 400 105 "-" "Expo/2.27.1.1016677 CFNetwork/1390 Darwin/22.0.0"
::ffff:192.168.1.156 - - [22/Dec/2022:04:23:42 +0000] "GET /api/v1/units/63a2a42c0caa8da36c34e054 HTTP/1.1" 200 3269 "-" "Expo/2.27.1.1016677 CFNetwork/1390 Darwin/22.0.0"
::ffff:192.168.1.156 - - [22/Dec/2022:04:23:50 +0000] "GET /api/v1/units/63a2a42c0caa8da36c34e054 HTTP/1.1" 304 - "-" "Expo/2.27.1.1016677 CFNetwork/1390 Darwin/22.0.0"
::ffff:192.168.1.156 - - [22/Dec/2022:04:24:14 +0000] "PUT /api/v1/units/63a2a42c0caa8da36c34e054 HTTP/1.1" 200 3443 "-" "Expo/2.27.1.1016677 CFNetwork/1390 Darwin/22.0.0"
::ffff:192.168.1.156 - - [22/Dec/2022:04:24:15 +0000] "PUT /api/v1/units/63a2a42c0caa8da36c34e054/bathroom-after HTTP/1.1" 400 105 "-" "Expo/2.27.1.1016677 CFNetwork/1390 Darwin/22.0.0"
