::ffff:192.168.1.134 - - [20/Dec/2022:01:07:24 +0000] "GET /api/v1/buildings HTTP/1.1" 304 - "-" "okhttp/4.9.2"
::ffff:192.168.1.134 - - [20/Dec/2022:01:07:27 +0000] "GET /api/v1/units HTTP/1.1" 200 17951 "-" "okhttp/4.9.2"
::ffff:192.168.1.134 - - [20/Dec/2022:01:07:32 +0000] "GET /api/v1/units/639fc8cb9ab8f7026f0543ba HTTP/1.1" 200 2338 "-" "okhttp/4.9.2"
::ffff:192.168.1.134 - - [20/Dec/2022:01:07:58 +0000] "GET /api/v1/buildings HTTP/1.1" 304 - "-" "okhttp/4.9.2"
::ffff:192.168.1.134 - - [20/Dec/2022:01:07:59 +0000] "GET /api/v1/units HTTP/1.1" 304 - "-" "okhttp/4.9.2"
::ffff:192.168.1.134 - - [20/Dec/2022:01:08:06 +0000] "GET /api/v1/units/639fc8cb9ab8f7026f0543ba HTTP/1.1" 304 - "-" "okhttp/4.9.2"
::ffff:192.168.1.134 - - [20/Dec/2022:01:08:11 +0000] "GET /api/v1/units/639fc8cb9ab8f7026f0543ba HTTP/1.1" 304 - "-" "okhttp/4.9.2"
::ffff:192.168.1.134 - - [20/Dec/2022:01:14:01 +0000] "GET /api/v1/buildings HTTP/1.1" 304 - "-" "okhttp/4.9.2"
::ffff:192.168.1.134 - - [20/Dec/2022:01:14:05 +0000] "GET /api/v1/units HTTP/1.1" 304 - "-" "okhttp/4.9.2"
::ffff:192.168.1.134 - - [20/Dec/2022:01:14:07 +0000] "GET /api/v1/units/639fc8cb9ab8f7026f0543ba HTTP/1.1" 304 - "-" "okhttp/4.9.2"
::ffff:192.168.1.134 - - [20/Dec/2022:01:15:33 +0000] "GET /api/v1/buildings HTTP/1.1" 304 - "-" "okhttp/4.9.2"
::ffff:192.168.1.134 - - [20/Dec/2022:01:15:35 +0000] "GET /api/v1/units HTTP/1.1" 304 - "-" "okhttp/4.9.2"
::ffff:192.168.1.134 - - [20/Dec/2022:01:15:38 +0000] "GET /api/v1/units/639fc8cb9ab8f7026f0543ba HTTP/1.1" 304 - "-" "okhttp/4.9.2"
::ffff:192.168.1.134 - - [20/Dec/2022:01:15:52 +0000] "GET /api/v1/units/639fc8cb9ab8f7026f0543ba HTTP/1.1" 304 - "-" "okhttp/4.9.2"
::ffff:192.168.1.134 - - [20/Dec/2022:01:16:47 +0000] "GET /api/v1/units/639fc8cb9ab8f7026f0543ba HTTP/1.1" 304 - "-" "okhttp/4.9.2"
::ffff:192.168.1.134 - - [20/Dec/2022:01:17:41 +0000] "PUT /api/v1/units/639fc8cb9ab8f7026f0543ba HTTP/1.1" 200 2337 "-" "okhttp/4.9.2"
::ffff:192.168.1.134 - - [20/Dec/2022:01:28:29 +0000] "GET /api/v1/units/639fc8cb9ab8f7026f0543ba HTTP/1.1" 200 2338 "-" "okhttp/4.9.2"
::ffff:192.168.1.134 - - [20/Dec/2022:01:30:34 +0000] "GET /api/v1/units/639fc8cb9ab8f7026f0543ba HTTP/1.1" 304 - "-" "okhttp/4.9.2"
::ffff:192.168.1.134 - - [20/Dec/2022:01:30:59 +0000] "GET /api/v1/units/639fc8cb9ab8f7026f0543ba HTTP/1.1" 304 - "-" "okhttp/4.9.2"
::ffff:192.168.1.134 - - [20/Dec/2022:01:32:09 +0000] "GET /api/v1/units/639fc8cb9ab8f7026f0543ba HTTP/1.1" 304 - "-" "okhttp/4.9.2"
::ffff:192.168.1.134 - - [20/Dec/2022:01:32:37 +0000] "GET /api/v1/units/639fc8cb9ab8f7026f0543ba HTTP/1.1" 304 - "-" "okhttp/4.9.2"
::ffff:192.168.1.134 - - [20/Dec/2022:01:33:22 +0000] "GET /api/v1/units/639fc8cb9ab8f7026f0543ba HTTP/1.1" 304 - "-" "okhttp/4.9.2"
::ffff:192.168.1.134 - - [20/Dec/2022:01:34:06 +0000] "GET /api/v1/units/639fc8cb9ab8f7026f0543ba HTTP/1.1" 304 - "-" "okhttp/4.9.2"
::ffff:192.168.1.134 - - [20/Dec/2022:01:34:26 +0000] "GET /api/v1/units/639fc8cb9ab8f7026f0543ba HTTP/1.1" 304 - "-" "okhttp/4.9.2"
::ffff:192.168.1.134 - - [20/Dec/2022:01:34:46 +0000] "GET /api/v1/units/639fc8cb9ab8f7026f0543ba HTTP/1.1" 304 - "-" "okhttp/4.9.2"
::ffff:192.168.1.134 - - [20/Dec/2022:01:38:10 +0000] "GET /api/v1/units/639fc8cb9ab8f7026f0543ba HTTP/1.1" 304 - "-" "okhttp/4.9.2"
::ffff:192.168.1.134 - - [20/Dec/2022:01:38:45 +0000] "GET /api/v1/units/639fc8cb9ab8f7026f0543ba HTTP/1.1" 304 - "-" "okhttp/4.9.2"
::ffff:192.168.1.134 - - [20/Dec/2022:01:38:55 +0000] "GET /api/v1/units/639fc8cb9ab8f7026f0543ba HTTP/1.1" 304 - "-" "okhttp/4.9.2"
::ffff:192.168.1.134 - - [20/Dec/2022:01:39:42 +0000] "GET /api/v1/units/639fc8cb9ab8f7026f0543ba HTTP/1.1" 304 - "-" "okhttp/4.9.2"
::ffff:192.168.1.134 - - [20/Dec/2022:01:40:10 +0000] "GET /api/v1/projects HTTP/1.1" 304 - "-" "okhttp/4.9.2"
::ffff:192.168.1.134 - - [20/Dec/2022:01:40:21 +0000] "GET /api/v1/units/639fc8cb9ab8f7026f0543ba HTTP/1.1" 304 - "-" "okhttp/4.9.2"
::ffff:192.168.1.134 - - [20/Dec/2022:01:40:24 +0000] "GET /api/v1/units/639fc8cb9ab8f7026f0543ba HTTP/1.1" 304 - "-" "okhttp/4.9.2"
::ffff:192.168.1.134 - - [20/Dec/2022:01:41:24 +0000] "PUT /api/v1/units/639fc8cb9ab8f7026f0543ba HTTP/1.1" 200 2337 "-" "okhttp/4.9.2"
::ffff:192.168.1.134 - - [20/Dec/2022:01:49:53 +0000] "GET /api/v1/units/639fc8cb9ab8f7026f0543ba HTTP/1.1" 200 2338 "-" "okhttp/4.9.2"
::ffff:192.168.1.134 - - [20/Dec/2022:01:49:59 +0000] "GET /api/v1/units/639fc8cb9ab8f7026f0543ba HTTP/1.1" 304 - "-" "okhttp/4.9.2"
::ffff:192.168.1.134 - - [20/Dec/2022:01:50:00 +0000] "GET /api/v1/units/639fc8cb9ab8f7026f0543ba HTTP/1.1" 304 - "-" "okhttp/4.9.2"
::ffff:192.168.1.134 - - [20/Dec/2022:01:50:36 +0000] "GET /api/v1/buildings HTTP/1.1" 304 - "-" "okhttp/4.9.2"
::ffff:192.168.1.134 - - [20/Dec/2022:01:50:39 +0000] "GET /api/v1/units HTTP/1.1" 304 - "-" "okhttp/4.9.2"
::ffff:192.168.1.134 - - [20/Dec/2022:01:50:40 +0000] "GET /api/v1/units/639fc8cb9ab8f7026f0543ba HTTP/1.1" 304 - "-" "okhttp/4.9.2"
::ffff:192.168.1.134 - - [20/Dec/2022:01:50:42 +0000] "GET /api/v1/units/639fc8cb9ab8f7026f0543ba HTTP/1.1" 304 - "-" "okhttp/4.9.2"
::ffff:192.168.1.134 - - [20/Dec/2022:01:52:58 +0000] "GET /api/v1/units/639fc8cb9ab8f7026f0543ba HTTP/1.1" 304 - "-" "okhttp/4.9.2"
::ffff:192.168.1.134 - - [20/Dec/2022:01:55:19 +0000] "GET /api/v1/buildings HTTP/1.1" 304 - "-" "okhttp/4.9.2"
::ffff:192.168.1.134 - - [20/Dec/2022:01:55:21 +0000] "GET /api/v1/units HTTP/1.1" 304 - "-" "okhttp/4.9.2"
::ffff:192.168.1.134 - - [20/Dec/2022:01:55:23 +0000] "GET /api/v1/units/639fc8cb9ab8f7026f0543ba HTTP/1.1" 304 - "-" "okhttp/4.9.2"
::ffff:192.168.1.134 - - [20/Dec/2022:01:55:25 +0000] "GET /api/v1/units/639fc8cb9ab8f7026f0543ba HTTP/1.1" 304 - "-" "okhttp/4.9.2"
::ffff:192.168.1.134 - - [20/Dec/2022:01:56:38 +0000] "GET /api/v1/units/639fc8cb9ab8f7026f0543ba HTTP/1.1" 304 - "-" "okhttp/4.9.2"
::ffff:192.168.1.134 - - [20/Dec/2022:01:57:12 +0000] "PUT /api/v1/units/639fc8cb9ab8f7026f0543ba HTTP/1.1" 200 2337 "-" "okhttp/4.9.2"
::ffff:192.168.1.134 - - [20/Dec/2022:02:02:38 +0000] "GET /api/v1/units/639fc8cb9ab8f7026f0543ba HTTP/1.1" 200 2338 "-" "okhttp/4.9.2"
::ffff:192.168.1.134 - - [20/Dec/2022:02:03:36 +0000] "GET /api/v1/units/639fc8cb9ab8f7026f0543ba HTTP/1.1" 304 - "-" "okhttp/4.9.2"
::ffff:192.168.1.134 - - [20/Dec/2022:02:03:46 +0000] "GET /api/v1/units/639fc8cb9ab8f7026f0543ba HTTP/1.1" 304 - "-" "okhttp/4.9.2"
::ffff:192.168.1.134 - - [20/Dec/2022:02:04:38 +0000] "GET /api/v1/units/639fc8cb9ab8f7026f0543ba HTTP/1.1" 304 - "-" "okhttp/4.9.2"
::ffff:192.168.1.134 - - [20/Dec/2022:02:04:40 +0000] "GET /api/v1/units/639fc8cb9ab8f7026f0543ba HTTP/1.1" 304 - "-" "okhttp/4.9.2"
::ffff:192.168.1.134 - - [20/Dec/2022:02:05:12 +0000] "PUT /api/v1/units/639fc8cb9ab8f7026f0543ba HTTP/1.1" 200 2337 "-" "okhttp/4.9.2"
::ffff:192.168.1.134 - - [20/Dec/2022:02:05:40 +0000] "GET /api/v1/units/639fc8cb9ab8f7026f0543ba HTTP/1.1" 200 2338 "-" "okhttp/4.9.2"
::ffff:192.168.1.134 - - [20/Dec/2022:02:05:44 +0000] "GET /api/v1/units/639fc8cb9ab8f7026f0543ba HTTP/1.1" 304 - "-" "okhttp/4.9.2"
::ffff:192.168.1.134 - - [20/Dec/2022:02:06:51 +0000] "GET /api/v1/units/639fc8cb9ab8f7026f0543ba HTTP/1.1" 304 - "-" "okhttp/4.9.2"
::ffff:192.168.1.134 - - [20/Dec/2022:02:07:36 +0000] "PUT /api/v1/units/639fc8cb9ab8f7026f0543ba HTTP/1.1" 200 2337 "-" "okhttp/4.9.2"
::ffff:192.168.1.134 - - [20/Dec/2022:02:09:24 +0000] "GET /api/v1/units HTTP/1.1" 200 11098 "-" "okhttp/4.9.2"
::ffff:192.168.1.134 - - [20/Dec/2022:02:09:26 +0000] "GET /api/v1/buildings HTTP/1.1" 304 - "-" "okhttp/4.9.2"
::ffff:192.168.1.134 - - [20/Dec/2022:02:09:39 +0000] "POST /api/v1/units HTTP/1.1" 200 2436 "-" "okhttp/4.9.2"
::ffff:192.168.1.134 - - [20/Dec/2022:02:10:11 +0000] "GET /api/v1/projects HTTP/1.1" 304 - "-" "okhttp/4.9.2"
::ffff:192.168.1.134 - - [20/Dec/2022:02:10:29 +0000] "GET /api/v1/units HTTP/1.1" 200 13474 "-" "okhttp/4.9.2"
::ffff:192.168.1.134 - - [20/Dec/2022:02:10:32 +0000] "GET /api/v1/units/63a1196367fd6047824f2a07 HTTP/1.1" 200 2428 "-" "okhttp/4.9.2"
::ffff:192.168.1.134 - - [20/Dec/2022:02:10:34 +0000] "GET /api/v1/units/63a1196367fd6047824f2a07 HTTP/1.1" 304 - "-" "okhttp/4.9.2"
::ffff:192.168.1.134 - - [20/Dec/2022:02:10:53 +0000] "PUT /api/v1/units/63a1196367fd6047824f2a07 HTTP/1.1" 200 2427 "-" "okhttp/4.9.2"
::ffff:192.168.1.134 - - [20/Dec/2022:02:13:24 +0000] "GET /api/v1/units/63a1196367fd6047824f2a07 HTTP/1.1" 200 2428 "-" "okhttp/4.9.2"
::ffff:192.168.1.134 - - [20/Dec/2022:02:13:47 +0000] "GET /api/v1/units/63a1196367fd6047824f2a07 HTTP/1.1" 304 - "-" "okhttp/4.9.2"
::ffff:192.168.1.134 - - [20/Dec/2022:02:14:04 +0000] "GET /api/v1/units/63a1196367fd6047824f2a07 HTTP/1.1" 304 - "-" "okhttp/4.9.2"
::ffff:192.168.1.134 - - [20/Dec/2022:02:14:52 +0000] "GET /api/v1/units/63a1196367fd6047824f2a07 HTTP/1.1" 304 - "-" "okhttp/4.9.2"
::ffff:192.168.1.134 - - [20/Dec/2022:02:15:14 +0000] "GET /api/v1/units/63a1196367fd6047824f2a07 HTTP/1.1" 304 - "-" "okhttp/4.9.2"
::ffff:192.168.1.134 - - [20/Dec/2022:02:15:17 +0000] "GET /api/v1/units/63a1196367fd6047824f2a07 HTTP/1.1" 304 - "-" "okhttp/4.9.2"
::ffff:192.168.1.134 - - [20/Dec/2022:02:16:15 +0000] "PUT /api/v1/units/63a1196367fd6047824f2a07 HTTP/1.1" 200 2427 "-" "okhttp/4.9.2"
::ffff:192.168.1.123 - - [20/Dec/2022:02:18:13 +0000] "GET /api/v1/buildings HTTP/1.1" 304 - "http://localhost:19006/" "Mozilla/5.0 (Macintosh; Intel Mac OS X 10_15_7) AppleWebKit/537.36 (KHTML, like Gecko) Chrome/108.0.0.0 Safari/537.36"
::ffff:192.168.1.123 - - [20/Dec/2022:02:18:16 +0000] "GET /api/v1/units HTTP/1.1" 200 13474 "http://localhost:19006/" "Mozilla/5.0 (Macintosh; Intel Mac OS X 10_15_7) AppleWebKit/537.36 (KHTML, like Gecko) Chrome/108.0.0.0 Safari/537.36"
::ffff:192.168.1.123 - - [20/Dec/2022:02:18:18 +0000] "GET /api/v1/units/63a1196367fd6047824f2a07 HTTP/1.1" 200 2428 "http://localhost:19006/" "Mozilla/5.0 (Macintosh; Intel Mac OS X 10_15_7) AppleWebKit/537.36 (KHTML, like Gecko) Chrome/108.0.0.0 Safari/537.36"
::ffff:192.168.1.123 - - [20/Dec/2022:02:18:20 +0000] "GET /api/v1/units/63a1196367fd6047824f2a07 HTTP/1.1" 304 - "http://localhost:19006/" "Mozilla/5.0 (Macintosh; Intel Mac OS X 10_15_7) AppleWebKit/537.36 (KHTML, like Gecko) Chrome/108.0.0.0 Safari/537.36"
::ffff:192.168.1.123 - - [20/Dec/2022:02:18:58 +0000] "PUT /api/v1/units/63a1196367fd6047824f2a07 HTTP/1.1" 200 2427 "http://localhost:19006/" "Mozilla/5.0 (Macintosh; Intel Mac OS X 10_15_7) AppleWebKit/537.36 (KHTML, like Gecko) Chrome/108.0.0.0 Safari/537.36"
::ffff:192.168.1.156 - - [20/Dec/2022:02:31:18 +0000] "GET /api/v1/buildings HTTP/1.1" 304 - "-" "Expo/2.27.1.1016677 CFNetwork/1390 Darwin/22.0.0"
::ffff:192.168.1.156 - - [20/Dec/2022:02:31:22 +0000] "GET /api/v1/units HTTP/1.1" 200 13474 "-" "Expo/2.27.1.1016677 CFNetwork/1390 Darwin/22.0.0"
::ffff:192.168.1.156 - - [20/Dec/2022:02:31:24 +0000] "GET /api/v1/units/63a1196367fd6047824f2a07 HTTP/1.1" 200 2428 "-" "Expo/2.27.1.1016677 CFNetwork/1390 Darwin/22.0.0"
::ffff:192.168.1.156 - - [20/Dec/2022:02:35:12 +0000] "GET /api/v1/buildings HTTP/1.1" 304 - "-" "Expo/2.27.1.1016677 CFNetwork/1390 Darwin/22.0.0"
::ffff:192.168.1.156 - - [20/Dec/2022:02:35:15 +0000] "GET /api/v1/units HTTP/1.1" 304 - "-" "Expo/2.27.1.1016677 CFNetwork/1390 Darwin/22.0.0"
::ffff:192.168.1.156 - - [20/Dec/2022:02:35:18 +0000] "GET /api/v1/units/63a1196367fd6047824f2a07 HTTP/1.1" 304 - "-" "Expo/2.27.1.1016677 CFNetwork/1390 Darwin/22.0.0"
::ffff:192.168.1.156 - - [20/Dec/2022:02:35:19 +0000] "GET /api/v1/units/63a1196367fd6047824f2a07 HTTP/1.1" 304 - "-" "Expo/2.27.1.1016677 CFNetwork/1390 Darwin/22.0.0"
::ffff:192.168.1.156 - - [20/Dec/2022:02:35:51 +0000] "PUT /api/v1/units/63a1196367fd6047824f2a07 HTTP/1.1" 200 2427 "-" "Expo/2.27.1.1016677 CFNetwork/1390 Darwin/22.0.0"
::1 - - [20/Dec/2022:02:42:33 +0000] "PUT /api/v1/units/639fc9169ab8f7026f0543d2 HTTP/1.1" 404 123 "-" "PostmanRuntime/7.29.2"
::1 - - [20/Dec/2022:02:42:48 +0000] "GET /api/v1/units HTTP/1.1" 200 13474 "-" "PostmanRuntime/7.29.2"
::1 - - [20/Dec/2022:02:43:00 +0000] "PUT /api/v1/units/6393e8d92881c716d3a29198 HTTP/1.1" 200 2250 "-" "PostmanRuntime/7.29.2"
::1 - - [20/Dec/2022:02:43:18 +0000] "GET /api/v1/units/6393e8d92881c716d3a29198 HTTP/1.1" 200 2257 "-" "PostmanRuntime/7.29.2"
::1 - - [20/Dec/2022:02:44:12 +0000] "PUT /api/v1/units/63a1196367fd6047824f2a07 HTTP/1.1" 200 2255 "-" "PostmanRuntime/7.29.2"
::ffff:192.168.1.123 - - [20/Dec/2022:02:45:24 +0000] "GET /api/v1/buildings HTTP/1.1" 304 - "http://localhost:19006/" "Mozilla/5.0 (Macintosh; Intel Mac OS X 10_15_7) AppleWebKit/537.36 (KHTML, like Gecko) Chrome/108.0.0.0 Safari/537.36"
::ffff:192.168.1.123 - - [20/Dec/2022:02:45:25 +0000] "GET /api/v1/units HTTP/1.1" 200 13305 "http://localhost:19006/" "Mozilla/5.0 (Macintosh; Intel Mac OS X 10_15_7) AppleWebKit/537.36 (KHTML, like Gecko) Chrome/108.0.0.0 Safari/537.36"
::ffff:192.168.1.123 - - [20/Dec/2022:02:45:28 +0000] "GET /api/v1/units/63a1196367fd6047824f2a07 HTTP/1.1" 200 2256 "http://localhost:19006/" "Mozilla/5.0 (Macintosh; Intel Mac OS X 10_15_7) AppleWebKit/537.36 (KHTML, like Gecko) Chrome/108.0.0.0 Safari/537.36"
::ffff:192.168.1.123 - - [20/Dec/2022:02:45:31 +0000] "GET /api/v1/units/63a1196367fd6047824f2a07 HTTP/1.1" 304 - "http://localhost:19006/" "Mozilla/5.0 (Macintosh; Intel Mac OS X 10_15_7) AppleWebKit/537.36 (KHTML, like Gecko) Chrome/108.0.0.0 Safari/537.36"
::ffff:192.168.1.123 - - [20/Dec/2022:02:46:17 +0000] "PUT /api/v1/units/63a1196367fd6047824f2a07 HTTP/1.1" 200 2255 "http://localhost:19006/" "Mozilla/5.0 (Macintosh; Intel Mac OS X 10_15_7) AppleWebKit/537.36 (KHTML, like Gecko) Chrome/108.0.0.0 Safari/537.36"
::ffff:192.168.1.134 - - [20/Dec/2022:02:55:08 +0000] "GET /api/v1/buildings HTTP/1.1" 304 - "-" "okhttp/4.9.2"
::ffff:192.168.1.134 - - [20/Dec/2022:02:55:10 +0000] "GET /api/v1/units HTTP/1.1" 200 13305 "-" "okhttp/4.9.2"
::ffff:192.168.1.134 - - [20/Dec/2022:02:55:11 +0000] "GET /api/v1/units/63a1196367fd6047824f2a07 HTTP/1.1" 200 2256 "-" "okhttp/4.9.2"
::ffff:192.168.1.134 - - [20/Dec/2022:02:55:13 +0000] "GET /api/v1/units/63a1196367fd6047824f2a07 HTTP/1.1" 304 - "-" "okhttp/4.9.2"
::ffff:192.168.1.134 - - [20/Dec/2022:02:55:45 +0000] "PUT /api/v1/units/63a1196367fd6047824f2a07 HTTP/1.1" 200 2255 "-" "okhttp/4.9.2"
::1 - - [20/Dec/2022:02:57:31 +0000] "GET /api/v1/units/63a1196367fd6047824f2a07 HTTP/1.1" 200 2256 "-" "PostmanRuntime/7.29.2"
::1 - - [20/Dec/2022:02:58:08 +0000] "PUT /api/v1/units/63a1196367fd6047824f2a07 HTTP/1.1" 200 2256 "-" "PostmanRuntime/7.29.2"
::1 - - [20/Dec/2022:03:01:13 +0000] "PUT /api/v1/units/63a1196367fd6047824f2a07 HTTP/1.1" 200 741 "-" "PostmanRuntime/7.29.2"
::1 - - [20/Dec/2022:03:02:10 +0000] "PUT /api/v1/units/63a1196367fd6047824f2a07 HTTP/1.1" 200 2256 "-" "PostmanRuntime/7.29.2"
::ffff:192.168.1.134 - - [20/Dec/2022:03:04:06 +0000] "GET /api/v1/units/63a1196367fd6047824f2a07 HTTP/1.1" 200 2257 "-" "okhttp/4.9.2"
::ffff:192.168.1.134 - - [20/Dec/2022:03:04:17 +0000] "PUT /api/v1/units/63a1196367fd6047824f2a07 HTTP/1.1" 200 2256 "-" "okhttp/4.9.2"
::ffff:192.168.1.123 - - [20/Dec/2022:03:04:53 +0000] "GET /api/v1/buildings HTTP/1.1" 304 - "http://localhost:19006/" "Mozilla/5.0 (Macintosh; Intel Mac OS X 10_15_7) AppleWebKit/537.36 (KHTML, like Gecko) Chrome/108.0.0.0 Safari/537.36"
::ffff:192.168.1.123 - - [20/Dec/2022:03:04:55 +0000] "GET /api/v1/units HTTP/1.1" 200 13306 "http://localhost:19006/" "Mozilla/5.0 (Macintosh; Intel Mac OS X 10_15_7) AppleWebKit/537.36 (KHTML, like Gecko) Chrome/108.0.0.0 Safari/537.36"
::ffff:192.168.1.123 - - [20/Dec/2022:03:04:56 +0000] "GET /api/v1/units/6393e8f32881c716d3a291f8 HTTP/1.1" 200 2260 "http://localhost:19006/" "Mozilla/5.0 (Macintosh; Intel Mac OS X 10_15_7) AppleWebKit/537.36 (KHTML, like Gecko) Chrome/108.0.0.0 Safari/537.36"
::ffff:192.168.1.123 - - [20/Dec/2022:03:05:00 +0000] "GET /api/v1/units/6393e8f32881c716d3a291f8 HTTP/1.1" 304 - "http://localhost:19006/" "Mozilla/5.0 (Macintosh; Intel Mac OS X 10_15_7) AppleWebKit/537.36 (KHTML, like Gecko) Chrome/108.0.0.0 Safari/537.36"
::ffff:192.168.1.123 - - [20/Dec/2022:03:05:18 +0000] "PUT /api/v1/units/6393e8f32881c716d3a291f8 HTTP/1.1" 200 2259 "http://localhost:19006/" "Mozilla/5.0 (Macintosh; Intel Mac OS X 10_15_7) AppleWebKit/537.36 (KHTML, like Gecko) Chrome/108.0.0.0 Safari/537.36"
::ffff:192.168.1.134 - - [20/Dec/2022:03:10:31 +0000] "GET /api/v1/units/63a1196367fd6047824f2a07 HTTP/1.1" 200 2257 "-" "okhttp/4.9.2"
::ffff:192.168.1.123 - - [20/Dec/2022:03:10:34 +0000] "GET /api/v1/buildings HTTP/1.1" 304 - "http://localhost:19006/" "Mozilla/5.0 (Macintosh; Intel Mac OS X 10_15_7) AppleWebKit/537.36 (KHTML, like Gecko) Chrome/108.0.0.0 Safari/537.36"
::ffff:192.168.1.123 - - [20/Dec/2022:03:10:36 +0000] "GET /api/v1/units HTTP/1.1" 304 - "http://localhost:19006/" "Mozilla/5.0 (Macintosh; Intel Mac OS X 10_15_7) AppleWebKit/537.36 (KHTML, like Gecko) Chrome/108.0.0.0 Safari/537.36"
::ffff:192.168.1.123 - - [20/Dec/2022:03:10:38 +0000] "GET /api/v1/units/63a1196367fd6047824f2a07 HTTP/1.1" 200 2257 "http://localhost:19006/" "Mozilla/5.0 (Macintosh; Intel Mac OS X 10_15_7) AppleWebKit/537.36 (KHTML, like Gecko) Chrome/108.0.0.0 Safari/537.36"
::ffff:192.168.1.123 - - [20/Dec/2022:03:10:40 +0000] "GET /api/v1/units/63a1196367fd6047824f2a07 HTTP/1.1" 304 - "http://localhost:19006/" "Mozilla/5.0 (Macintosh; Intel Mac OS X 10_15_7) AppleWebKit/537.36 (KHTML, like Gecko) Chrome/108.0.0.0 Safari/537.36"
::ffff:192.168.1.123 - - [20/Dec/2022:03:10:55 +0000] "PUT /api/v1/units/63a1196367fd6047824f2a07 HTTP/1.1" 200 2256 "http://localhost:19006/" "Mozilla/5.0 (Macintosh; Intel Mac OS X 10_15_7) AppleWebKit/537.36 (KHTML, like Gecko) Chrome/108.0.0.0 Safari/537.36"
::ffff:192.168.1.134 - - [20/Dec/2022:03:11:55 +0000] "GET /api/v1/units/63a1196367fd6047824f2a07 HTTP/1.1" 304 - "-" "okhttp/4.9.2"
::ffff:192.168.1.123 - - [20/Dec/2022:03:11:57 +0000] "GET /api/v1/buildings HTTP/1.1" 304 - "http://localhost:19006/" "Mozilla/5.0 (Macintosh; Intel Mac OS X 10_15_7) AppleWebKit/537.36 (KHTML, like Gecko) Chrome/108.0.0.0 Safari/537.36"
::ffff:192.168.1.123 - - [20/Dec/2022:03:11:59 +0000] "GET /api/v1/units HTTP/1.1" 304 - "http://localhost:19006/" "Mozilla/5.0 (Macintosh; Intel Mac OS X 10_15_7) AppleWebKit/537.36 (KHTML, like Gecko) Chrome/108.0.0.0 Safari/537.36"
::ffff:192.168.1.123 - - [20/Dec/2022:03:12:00 +0000] "GET /api/v1/units/6393e8e92881c716d3a291c8 HTTP/1.1" 200 2260 "http://localhost:19006/" "Mozilla/5.0 (Macintosh; Intel Mac OS X 10_15_7) AppleWebKit/537.36 (KHTML, like Gecko) Chrome/108.0.0.0 Safari/537.36"
::ffff:192.168.1.123 - - [20/Dec/2022:03:12:04 +0000] "GET /api/v1/units/63a1196367fd6047824f2a07 HTTP/1.1" 200 2257 "http://localhost:19006/" "Mozilla/5.0 (Macintosh; Intel Mac OS X 10_15_7) AppleWebKit/537.36 (KHTML, like Gecko) Chrome/108.0.0.0 Safari/537.36"
::ffff:192.168.1.123 - - [20/Dec/2022:03:12:05 +0000] "GET /api/v1/units/63a1196367fd6047824f2a07 HTTP/1.1" 304 - "http://localhost:19006/" "Mozilla/5.0 (Macintosh; Intel Mac OS X 10_15_7) AppleWebKit/537.36 (KHTML, like Gecko) Chrome/108.0.0.0 Safari/537.36"
::ffff:192.168.1.123 - - [20/Dec/2022:03:17:51 +0000] "PUT /api/v1/units/63a1196367fd6047824f2a07 HTTP/1.1" 200 2256 "http://localhost:19006/" "Mozilla/5.0 (Macintosh; Intel Mac OS X 10_15_7) AppleWebKit/537.36 (KHTML, like Gecko) Chrome/108.0.0.0 Safari/537.36"
::ffff:192.168.1.134 - - [20/Dec/2022:03:23:18 +0000] "GET /api/v1/units/63a1196367fd6047824f2a07 HTTP/1.1" 304 - "-" "okhttp/4.9.2"
::ffff:192.168.1.123 - - [20/Dec/2022:03:23:22 +0000] "GET /api/v1/buildings HTTP/1.1" 304 - "http://localhost:19006/" "Mozilla/5.0 (Macintosh; Intel Mac OS X 10_15_7) AppleWebKit/537.36 (KHTML, like Gecko) Chrome/108.0.0.0 Safari/537.36"
::ffff:192.168.1.123 - - [20/Dec/2022:03:23:23 +0000] "GET /api/v1/units HTTP/1.1" 304 - "http://localhost:19006/" "Mozilla/5.0 (Macintosh; Intel Mac OS X 10_15_7) AppleWebKit/537.36 (KHTML, like Gecko) Chrome/108.0.0.0 Safari/537.36"
::ffff:192.168.1.123 - - [20/Dec/2022:03:23:25 +0000] "GET /api/v1/units/63a1196367fd6047824f2a07 HTTP/1.1" 200 2257 "http://localhost:19006/" "Mozilla/5.0 (Macintosh; Intel Mac OS X 10_15_7) AppleWebKit/537.36 (KHTML, like Gecko) Chrome/108.0.0.0 Safari/537.36"
::ffff:192.168.1.123 - - [20/Dec/2022:03:23:26 +0000] "GET /api/v1/units/63a1196367fd6047824f2a07 HTTP/1.1" 304 - "http://localhost:19006/" "Mozilla/5.0 (Macintosh; Intel Mac OS X 10_15_7) AppleWebKit/537.36 (KHTML, like Gecko) Chrome/108.0.0.0 Safari/537.36"
::ffff:192.168.1.123 - - [20/Dec/2022:03:23:43 +0000] "PUT /api/v1/units/63a1196367fd6047824f2a07 HTTP/1.1" 200 2256 "http://localhost:19006/" "Mozilla/5.0 (Macintosh; Intel Mac OS X 10_15_7) AppleWebKit/537.36 (KHTML, like Gecko) Chrome/108.0.0.0 Safari/537.36"
::ffff:192.168.1.134 - - [20/Dec/2022:03:25:24 +0000] "GET /api/v1/units/63a1196367fd6047824f2a07 HTTP/1.1" 304 - "-" "okhttp/4.9.2"
::ffff:192.168.1.123 - - [20/Dec/2022:03:25:27 +0000] "GET /api/v1/buildings HTTP/1.1" 304 - "http://localhost:19006/" "Mozilla/5.0 (Macintosh; Intel Mac OS X 10_15_7) AppleWebKit/537.36 (KHTML, like Gecko) Chrome/108.0.0.0 Safari/537.36"
::ffff:192.168.1.123 - - [20/Dec/2022:03:25:29 +0000] "GET /api/v1/units HTTP/1.1" 304 - "http://localhost:19006/" "Mozilla/5.0 (Macintosh; Intel Mac OS X 10_15_7) AppleWebKit/537.36 (KHTML, like Gecko) Chrome/108.0.0.0 Safari/537.36"
::ffff:192.168.1.123 - - [20/Dec/2022:03:25:30 +0000] "GET /api/v1/units/63a1196367fd6047824f2a07 HTTP/1.1" 200 2257 "http://localhost:19006/" "Mozilla/5.0 (Macintosh; Intel Mac OS X 10_15_7) AppleWebKit/537.36 (KHTML, like Gecko) Chrome/108.0.0.0 Safari/537.36"
::ffff:192.168.1.123 - - [20/Dec/2022:03:25:32 +0000] "GET /api/v1/units/63a1196367fd6047824f2a07 HTTP/1.1" 304 - "http://localhost:19006/" "Mozilla/5.0 (Macintosh; Intel Mac OS X 10_15_7) AppleWebKit/537.36 (KHTML, like Gecko) Chrome/108.0.0.0 Safari/537.36"
::ffff:192.168.1.123 - - [20/Dec/2022:03:25:48 +0000] "PUT /api/v1/units/63a1196367fd6047824f2a07 HTTP/1.1" 200 2256 "http://localhost:19006/" "Mozilla/5.0 (Macintosh; Intel Mac OS X 10_15_7) AppleWebKit/537.36 (KHTML, like Gecko) Chrome/108.0.0.0 Safari/537.36"
::ffff:192.168.1.134 - - [20/Dec/2022:03:30:03 +0000] "GET /api/v1/units/63a1196367fd6047824f2a07 HTTP/1.1" 304 - "-" "okhttp/4.9.2"
::ffff:192.168.1.134 - - [20/Dec/2022:03:30:31 +0000] "GET /api/v1/units/63a1196367fd6047824f2a07 HTTP/1.1" 304 - "-" "okhttp/4.9.2"
::ffff:192.168.1.134 - - [20/Dec/2022:03:30:48 +0000] "GET /api/v1/units/63a1196367fd6047824f2a07 HTTP/1.1" 304 - "-" "okhttp/4.9.2"
::ffff:192.168.1.134 - - [20/Dec/2022:03:31:19 +0000] "GET /api/v1/units/63a1196367fd6047824f2a07 HTTP/1.1" 304 - "-" "okhttp/4.9.2"
::ffff:192.168.1.134 - - [20/Dec/2022:03:31:41 +0000] "GET /api/v1/units/63a1196367fd6047824f2a07 HTTP/1.1" 304 - "-" "okhttp/4.9.2"
::ffff:192.168.1.134 - - [20/Dec/2022:03:32:07 +0000] "GET /api/v1/units/63a1196367fd6047824f2a07 HTTP/1.1" 304 - "-" "okhttp/4.9.2"
::ffff:192.168.1.134 - - [20/Dec/2022:03:32:22 +0000] "GET /api/v1/units/63a1196367fd6047824f2a07 HTTP/1.1" 304 - "-" "okhttp/4.9.2"
::ffff:192.168.1.134 - - [20/Dec/2022:03:32:26 +0000] "GET /api/v1/units/63a1196367fd6047824f2a07 HTTP/1.1" 304 - "-" "okhttp/4.9.2"
::ffff:192.168.1.123 - - [20/Dec/2022:03:32:33 +0000] "GET /api/v1/buildings HTTP/1.1" 304 - "http://localhost:19006/" "Mozilla/5.0 (Macintosh; Intel Mac OS X 10_15_7) AppleWebKit/537.36 (KHTML, like Gecko) Chrome/108.0.0.0 Safari/537.36"
::ffff:192.168.1.123 - - [20/Dec/2022:03:32:36 +0000] "GET /api/v1/units HTTP/1.1" 304 - "http://localhost:19006/" "Mozilla/5.0 (Macintosh; Intel Mac OS X 10_15_7) AppleWebKit/537.36 (KHTML, like Gecko) Chrome/108.0.0.0 Safari/537.36"
::ffff:192.168.1.123 - - [20/Dec/2022:03:32:39 +0000] "GET /api/v1/units/63a1196367fd6047824f2a07 HTTP/1.1" 200 2257 "http://localhost:19006/" "Mozilla/5.0 (Macintosh; Intel Mac OS X 10_15_7) AppleWebKit/537.36 (KHTML, like Gecko) Chrome/108.0.0.0 Safari/537.36"
::ffff:192.168.1.156 - - [20/Dec/2022:03:33:06 +0000] "GET /api/v1/units/63a1196367fd6047824f2a07 HTTP/1.1" 200 2257 "-" "Expo/2.27.1.1016677 CFNetwork/1390 Darwin/22.0.0"
::ffff:192.168.1.156 - - [20/Dec/2022:03:33:44 +0000] "GET /api/v1/buildings HTTP/1.1" 304 - "-" "Expo/2.27.1.1016677 CFNetwork/1390 Darwin/22.0.0"
::ffff:192.168.1.156 - - [20/Dec/2022:03:33:46 +0000] "GET /api/v1/units HTTP/1.1" 200 13306 "-" "Expo/2.27.1.1016677 CFNetwork/1390 Darwin/22.0.0"
::ffff:192.168.1.156 - - [20/Dec/2022:03:33:47 +0000] "GET /api/v1/units/63a1196367fd6047824f2a07 HTTP/1.1" 304 - "-" "Expo/2.27.1.1016677 CFNetwork/1390 Darwin/22.0.0"
::ffff:192.168.1.134 - - [20/Dec/2022:03:34:38 +0000] "GET /api/v1/units/63a1196367fd6047824f2a07 HTTP/1.1" 304 - "-" "okhttp/4.9.2"
::ffff:192.168.1.156 - - [20/Dec/2022:03:34:41 +0000] "GET /api/v1/buildings HTTP/1.1" 304 - "-" "Expo/2.27.1.1016677 CFNetwork/1390 Darwin/22.0.0"
::ffff:192.168.1.156 - - [20/Dec/2022:03:34:44 +0000] "GET /api/v1/units HTTP/1.1" 304 - "-" "Expo/2.27.1.1016677 CFNetwork/1390 Darwin/22.0.0"
::ffff:192.168.1.156 - - [20/Dec/2022:03:34:46 +0000] "GET /api/v1/units/63a1196367fd6047824f2a07 HTTP/1.1" 304 - "-" "Expo/2.27.1.1016677 CFNetwork/1390 Darwin/22.0.0"
::ffff:192.168.1.156 - - [20/Dec/2022:03:34:46 +0000] "GET /api/v1/units/63a1196367fd6047824f2a07 HTTP/1.1" 304 - "-" "Expo/2.27.1.1016677 CFNetwork/1390 Darwin/22.0.0"
::ffff:192.168.1.156 - - [20/Dec/2022:03:36:39 +0000] "GET /api/v1/units/63a1196367fd6047824f2a07 HTTP/1.1" 304 - "-" "Expo/2.27.1.1016677 CFNetwork/1390 Darwin/22.0.0"
::ffff:192.168.1.134 - - [20/Dec/2022:03:36:40 +0000] "GET /api/v1/units/63a1196367fd6047824f2a07 HTTP/1.1" 304 - "-" "okhttp/4.9.2"
::ffff:192.168.1.123 - - [20/Dec/2022:03:36:47 +0000] "GET /api/v1/buildings HTTP/1.1" 304 - "http://localhost:19006/" "Mozilla/5.0 (Macintosh; Intel Mac OS X 10_15_7) AppleWebKit/537.36 (KHTML, like Gecko) Chrome/108.0.0.0 Safari/537.36"
::ffff:192.168.1.123 - - [20/Dec/2022:03:36:49 +0000] "GET /api/v1/units HTTP/1.1" 304 - "http://localhost:19006/" "Mozilla/5.0 (Macintosh; Intel Mac OS X 10_15_7) AppleWebKit/537.36 (KHTML, like Gecko) Chrome/108.0.0.0 Safari/537.36"
::ffff:192.168.1.123 - - [20/Dec/2022:03:36:51 +0000] "GET /api/v1/units/63a1196367fd6047824f2a07 HTTP/1.1" 304 - "http://localhost:19006/" "Mozilla/5.0 (Macintosh; Intel Mac OS X 10_15_7) AppleWebKit/537.36 (KHTML, like Gecko) Chrome/108.0.0.0 Safari/537.36"
::ffff:192.168.1.123 - - [20/Dec/2022:03:36:53 +0000] "GET /api/v1/units/63a1196367fd6047824f2a07 HTTP/1.1" 304 - "http://localhost:19006/" "Mozilla/5.0 (Macintosh; Intel Mac OS X 10_15_7) AppleWebKit/537.36 (KHTML, like Gecko) Chrome/108.0.0.0 Safari/537.36"
::ffff:192.168.1.123 - - [20/Dec/2022:03:37:08 +0000] "PUT /api/v1/units/63a1196367fd6047824f2a07 HTTP/1.1" 200 2256 "http://localhost:19006/" "Mozilla/5.0 (Macintosh; Intel Mac OS X 10_15_7) AppleWebKit/537.36 (KHTML, like Gecko) Chrome/108.0.0.0 Safari/537.36"
::ffff:192.168.1.134 - - [20/Dec/2022:03:47:34 +0000] "GET /api/v1/units/63a1196367fd6047824f2a07 HTTP/1.1" 304 - "-" "okhttp/4.9.2"
::ffff:192.168.1.156 - - [20/Dec/2022:03:47:34 +0000] "GET /api/v1/units/63a1196367fd6047824f2a07 HTTP/1.1" 304 - "-" "Expo/2.27.1.1016677 CFNetwork/1390 Darwin/22.0.0"
::ffff:192.168.1.123 - - [20/Dec/2022:03:47:43 +0000] "GET /api/v1/buildings HTTP/1.1" 304 - "http://localhost:19006/" "Mozilla/5.0 (Macintosh; Intel Mac OS X 10_15_7) AppleWebKit/537.36 (KHTML, like Gecko) Chrome/108.0.0.0 Safari/537.36"
::ffff:192.168.1.123 - - [20/Dec/2022:03:47:45 +0000] "GET /api/v1/units HTTP/1.1" 304 - "http://localhost:19006/" "Mozilla/5.0 (Macintosh; Intel Mac OS X 10_15_7) AppleWebKit/537.36 (KHTML, like Gecko) Chrome/108.0.0.0 Safari/537.36"
::ffff:192.168.1.123 - - [20/Dec/2022:03:47:51 +0000] "GET /api/v1/units/63a1196367fd6047824f2a07 HTTP/1.1" 200 2257 "http://localhost:19006/" "Mozilla/5.0 (Macintosh; Intel Mac OS X 10_15_7) AppleWebKit/537.36 (KHTML, like Gecko) Chrome/108.0.0.0 Safari/537.36"
::ffff:192.168.1.134 - - [20/Dec/2022:03:49:18 +0000] "GET /api/v1/units/63a1196367fd6047824f2a07 HTTP/1.1" 304 - "-" "okhttp/4.9.2"
::ffff:192.168.1.156 - - [20/Dec/2022:03:49:19 +0000] "GET /api/v1/units/63a1196367fd6047824f2a07 HTTP/1.1" 304 - "-" "Expo/2.27.1.1016677 CFNetwork/1390 Darwin/22.0.0"
::ffff:192.168.1.156 - - [20/Dec/2022:03:49:25 +0000] "GET /api/v1/units/63a1196367fd6047824f2a07 HTTP/1.1" 304 - "-" "Expo/2.27.1.1016677 CFNetwork/1390 Darwin/22.0.0"
::ffff:192.168.1.134 - - [20/Dec/2022:03:49:26 +0000] "GET /api/v1/units/63a1196367fd6047824f2a07 HTTP/1.1" 304 - "-" "okhttp/4.9.2"
::ffff:192.168.1.134 - - [20/Dec/2022:03:49:34 +0000] "GET /api/v1/units/63a1196367fd6047824f2a07 HTTP/1.1" 304 - "-" "okhttp/4.9.2"
::ffff:192.168.1.156 - - [20/Dec/2022:03:49:34 +0000] "GET /api/v1/units/63a1196367fd6047824f2a07 HTTP/1.1" 304 - "-" "Expo/2.27.1.1016677 CFNetwork/1390 Darwin/22.0.0"
::ffff:192.168.1.156 - - [20/Dec/2022:03:50:29 +0000] "GET /api/v1/units/63a1196367fd6047824f2a07 HTTP/1.1" 304 - "-" "Expo/2.27.1.1016677 CFNetwork/1390 Darwin/22.0.0"
::ffff:192.168.1.134 - - [20/Dec/2022:03:50:29 +0000] "GET /api/v1/units/63a1196367fd6047824f2a07 HTTP/1.1" 304 - "-" "okhttp/4.9.2"
::ffff:192.168.1.123 - - [20/Dec/2022:03:50:31 +0000] "GET /api/v1/buildings HTTP/1.1" 304 - "http://localhost:19006/" "Mozilla/5.0 (Macintosh; Intel Mac OS X 10_15_7) AppleWebKit/537.36 (KHTML, like Gecko) Chrome/108.0.0.0 Safari/537.36"
::ffff:192.168.1.123 - - [20/Dec/2022:03:50:33 +0000] "GET /api/v1/units HTTP/1.1" 304 - "http://localhost:19006/" "Mozilla/5.0 (Macintosh; Intel Mac OS X 10_15_7) AppleWebKit/537.36 (KHTML, like Gecko) Chrome/108.0.0.0 Safari/537.36"
::ffff:192.168.1.123 - - [20/Dec/2022:03:50:34 +0000] "GET /api/v1/units/63a1196367fd6047824f2a07 HTTP/1.1" 304 - "http://localhost:19006/" "Mozilla/5.0 (Macintosh; Intel Mac OS X 10_15_7) AppleWebKit/537.36 (KHTML, like Gecko) Chrome/108.0.0.0 Safari/537.36"
::ffff:192.168.1.123 - - [20/Dec/2022:03:50:37 +0000] "GET /api/v1/units/63a1196367fd6047824f2a07 HTTP/1.1" 304 - "http://localhost:19006/" "Mozilla/5.0 (Macintosh; Intel Mac OS X 10_15_7) AppleWebKit/537.36 (KHTML, like Gecko) Chrome/108.0.0.0 Safari/537.36"
::ffff:192.168.1.134 - - [20/Dec/2022:03:51:30 +0000] "GET /api/v1/units/63a1196367fd6047824f2a07 HTTP/1.1" 304 - "-" "okhttp/4.9.2"
::ffff:192.168.1.134 - - [20/Dec/2022:03:51:51 +0000] "GET /api/v1/units/63a1196367fd6047824f2a07 HTTP/1.1" 304 - "-" "okhttp/4.9.2"
::ffff:192.168.1.134 - - [20/Dec/2022:03:52:25 +0000] "GET /api/v1/units/63a1196367fd6047824f2a07 HTTP/1.1" 304 - "-" "okhttp/4.9.2"
::ffff:192.168.1.156 - - [20/Dec/2022:03:52:27 +0000] "GET /api/v1/buildings HTTP/1.1" 304 - "-" "Expo/2.27.1.1016677 CFNetwork/1390 Darwin/22.0.0"
::ffff:192.168.1.156 - - [20/Dec/2022:03:52:28 +0000] "GET /api/v1/units HTTP/1.1" 304 - "-" "Expo/2.27.1.1016677 CFNetwork/1390 Darwin/22.0.0"
::ffff:192.168.1.156 - - [20/Dec/2022:03:52:29 +0000] "GET /api/v1/units/63a1196367fd6047824f2a07 HTTP/1.1" 304 - "-" "Expo/2.27.1.1016677 CFNetwork/1390 Darwin/22.0.0"
::ffff:192.168.1.156 - - [20/Dec/2022:03:52:31 +0000] "GET /api/v1/units/63a1196367fd6047824f2a07 HTTP/1.1" 304 - "-" "Expo/2.27.1.1016677 CFNetwork/1390 Darwin/22.0.0"
::ffff:192.168.1.156 - - [20/Dec/2022:03:54:06 +0000] "GET /api/v1/units/63a1196367fd6047824f2a07 HTTP/1.1" 304 - "-" "Expo/2.27.1.1016677 CFNetwork/1390 Darwin/22.0.0"
::ffff:192.168.1.134 - - [20/Dec/2022:03:54:06 +0000] "GET /api/v1/units/63a1196367fd6047824f2a07 HTTP/1.1" 304 - "-" "okhttp/4.9.2"
::ffff:192.168.1.156 - - [20/Dec/2022:03:54:41 +0000] "PUT /api/v1/units/63a1196367fd6047824f2a07 HTTP/1.1" 200 2256 "-" "Expo/2.27.1.1016677 CFNetwork/1390 Darwin/22.0.0"
::ffff:192.168.1.123 - - [20/Dec/2022:03:54:52 +0000] "GET /api/v1/buildings HTTP/1.1" 304 - "http://localhost:19006/" "Mozilla/5.0 (Macintosh; Intel Mac OS X 10_15_7) AppleWebKit/537.36 (KHTML, like Gecko) Chrome/108.0.0.0 Safari/537.36"
::ffff:192.168.1.123 - - [20/Dec/2022:03:54:54 +0000] "GET /api/v1/units HTTP/1.1" 304 - "http://localhost:19006/" "Mozilla/5.0 (Macintosh; Intel Mac OS X 10_15_7) AppleWebKit/537.36 (KHTML, like Gecko) Chrome/108.0.0.0 Safari/537.36"
::ffff:192.168.1.123 - - [20/Dec/2022:03:54:55 +0000] "GET /api/v1/units/63a1196367fd6047824f2a07 HTTP/1.1" 304 - "http://localhost:19006/" "Mozilla/5.0 (Macintosh; Intel Mac OS X 10_15_7) AppleWebKit/537.36 (KHTML, like Gecko) Chrome/108.0.0.0 Safari/537.36"
::ffff:192.168.1.123 - - [20/Dec/2022:03:54:58 +0000] "GET /api/v1/units/63a1196367fd6047824f2a07 HTTP/1.1" 304 - "http://localhost:19006/" "Mozilla/5.0 (Macintosh; Intel Mac OS X 10_15_7) AppleWebKit/537.36 (KHTML, like Gecko) Chrome/108.0.0.0 Safari/537.36"
::ffff:192.168.1.123 - - [20/Dec/2022:03:55:15 +0000] "PUT /api/v1/units/63a1196367fd6047824f2a07 HTTP/1.1" 200 2256 "http://localhost:19006/" "Mozilla/5.0 (Macintosh; Intel Mac OS X 10_15_7) AppleWebKit/537.36 (KHTML, like Gecko) Chrome/108.0.0.0 Safari/537.36"
::ffff:192.168.1.123 - - [20/Dec/2022:03:59:17 +0000] "GET /api/v1/buildings HTTP/1.1" 304 - "http://localhost:19006/" "Mozilla/5.0 (Macintosh; Intel Mac OS X 10_15_7) AppleWebKit/537.36 (KHTML, like Gecko) Chrome/108.0.0.0 Safari/537.36"
::ffff:192.168.1.123 - - [20/Dec/2022:03:59:19 +0000] "GET /api/v1/units HTTP/1.1" 304 - "http://localhost:19006/" "Mozilla/5.0 (Macintosh; Intel Mac OS X 10_15_7) AppleWebKit/537.36 (KHTML, like Gecko) Chrome/108.0.0.0 Safari/537.36"
::ffff:192.168.1.123 - - [20/Dec/2022:03:59:23 +0000] "GET /api/v1/units/63a1196367fd6047824f2a07 HTTP/1.1" 200 2257 "http://localhost:19006/" "Mozilla/5.0 (Macintosh; Intel Mac OS X 10_15_7) AppleWebKit/537.36 (KHTML, like Gecko) Chrome/108.0.0.0 Safari/537.36"
::ffff:192.168.1.123 - - [20/Dec/2022:03:59:26 +0000] "GET /api/v1/units/63a1196367fd6047824f2a07 HTTP/1.1" 304 - "http://localhost:19006/" "Mozilla/5.0 (Macintosh; Intel Mac OS X 10_15_7) AppleWebKit/537.36 (KHTML, like Gecko) Chrome/108.0.0.0 Safari/537.36"
::ffff:192.168.1.123 - - [20/Dec/2022:03:59:44 +0000] "PUT /api/v1/units/63a1196367fd6047824f2a07 HTTP/1.1" 200 2256 "http://localhost:19006/" "Mozilla/5.0 (Macintosh; Intel Mac OS X 10_15_7) AppleWebKit/537.36 (KHTML, like Gecko) Chrome/108.0.0.0 Safari/537.36"
::ffff:192.168.1.134 - - [20/Dec/2022:04:12:14 +0000] "GET /api/v1/units/63a1196367fd6047824f2a07 HTTP/1.1" 304 - "-" "okhttp/4.9.2"
::ffff:192.168.1.123 - - [20/Dec/2022:04:12:25 +0000] "GET /api/v1/buildings HTTP/1.1" 304 - "http://localhost:19006/" "Mozilla/5.0 (Macintosh; Intel Mac OS X 10_15_7) AppleWebKit/537.36 (KHTML, like Gecko) Chrome/108.0.0.0 Safari/537.36"
::ffff:192.168.1.123 - - [20/Dec/2022:04:12:27 +0000] "GET /api/v1/units HTTP/1.1" 304 - "http://localhost:19006/" "Mozilla/5.0 (Macintosh; Intel Mac OS X 10_15_7) AppleWebKit/537.36 (KHTML, like Gecko) Chrome/108.0.0.0 Safari/537.36"
::ffff:192.168.1.123 - - [20/Dec/2022:04:12:28 +0000] "GET /api/v1/units/63a1196367fd6047824f2a07 HTTP/1.1" 200 2257 "http://localhost:19006/" "Mozilla/5.0 (Macintosh; Intel Mac OS X 10_15_7) AppleWebKit/537.36 (KHTML, like Gecko) Chrome/108.0.0.0 Safari/537.36"
::ffff:192.168.1.123 - - [20/Dec/2022:04:12:30 +0000] "GET /api/v1/units/63a1196367fd6047824f2a07 HTTP/1.1" 304 - "http://localhost:19006/" "Mozilla/5.0 (Macintosh; Intel Mac OS X 10_15_7) AppleWebKit/537.36 (KHTML, like Gecko) Chrome/108.0.0.0 Safari/537.36"
::ffff:192.168.1.123 - - [20/Dec/2022:04:12:44 +0000] "PUT /api/v1/units/63a1196367fd6047824f2a07 HTTP/1.1" 200 2256 "http://localhost:19006/" "Mozilla/5.0 (Macintosh; Intel Mac OS X 10_15_7) AppleWebKit/537.36 (KHTML, like Gecko) Chrome/108.0.0.0 Safari/537.36"
::ffff:192.168.1.134 - - [20/Dec/2022:04:15:44 +0000] "GET /api/v1/units/63a1196367fd6047824f2a07 HTTP/1.1" 304 - "-" "okhttp/4.9.2"
::ffff:192.168.1.123 - - [20/Dec/2022:04:15:49 +0000] "GET /api/v1/buildings HTTP/1.1" 304 - "http://localhost:19006/" "Mozilla/5.0 (Macintosh; Intel Mac OS X 10_15_7) AppleWebKit/537.36 (KHTML, like Gecko) Chrome/108.0.0.0 Safari/537.36"
::ffff:192.168.1.123 - - [20/Dec/2022:04:15:52 +0000] "GET /api/v1/units HTTP/1.1" 304 - "http://localhost:19006/" "Mozilla/5.0 (Macintosh; Intel Mac OS X 10_15_7) AppleWebKit/537.36 (KHTML, like Gecko) Chrome/108.0.0.0 Safari/537.36"
::ffff:192.168.1.123 - - [20/Dec/2022:04:15:53 +0000] "GET /api/v1/units/63a1196367fd6047824f2a07 HTTP/1.1" 200 2257 "http://localhost:19006/" "Mozilla/5.0 (Macintosh; Intel Mac OS X 10_15_7) AppleWebKit/537.36 (KHTML, like Gecko) Chrome/108.0.0.0 Safari/537.36"
::ffff:192.168.1.123 - - [20/Dec/2022:04:15:54 +0000] "GET /api/v1/units/63a1196367fd6047824f2a07 HTTP/1.1" 304 - "http://localhost:19006/" "Mozilla/5.0 (Macintosh; Intel Mac OS X 10_15_7) AppleWebKit/537.36 (KHTML, like Gecko) Chrome/108.0.0.0 Safari/537.36"
::ffff:192.168.1.123 - - [20/Dec/2022:04:16:03 +0000] "PUT /api/v1/units/63a1196367fd6047824f2a07 HTTP/1.1" 200 2256 "http://localhost:19006/" "Mozilla/5.0 (Macintosh; Intel Mac OS X 10_15_7) AppleWebKit/537.36 (KHTML, like Gecko) Chrome/108.0.0.0 Safari/537.36"
::ffff:192.168.1.134 - - [20/Dec/2022:04:17:07 +0000] "GET /api/v1/units/63a1196367fd6047824f2a07 HTTP/1.1" 304 - "-" "okhttp/4.9.2"
::ffff:192.168.1.134 - - [20/Dec/2022:04:17:54 +0000] "GET /api/v1/units/63a1196367fd6047824f2a07 HTTP/1.1" 304 - "-" "okhttp/4.9.2"
::ffff:192.168.1.123 - - [20/Dec/2022:04:17:58 +0000] "GET /api/v1/buildings HTTP/1.1" 304 - "http://localhost:19006/" "Mozilla/5.0 (Macintosh; Intel Mac OS X 10_15_7) AppleWebKit/537.36 (KHTML, like Gecko) Chrome/108.0.0.0 Safari/537.36"
::ffff:192.168.1.123 - - [20/Dec/2022:04:18:00 +0000] "GET /api/v1/units HTTP/1.1" 304 - "http://localhost:19006/" "Mozilla/5.0 (Macintosh; Intel Mac OS X 10_15_7) AppleWebKit/537.36 (KHTML, like Gecko) Chrome/108.0.0.0 Safari/537.36"
::ffff:192.168.1.123 - - [20/Dec/2022:04:18:02 +0000] "GET /api/v1/units/63a1196367fd6047824f2a07 HTTP/1.1" 200 2257 "http://localhost:19006/" "Mozilla/5.0 (Macintosh; Intel Mac OS X 10_15_7) AppleWebKit/537.36 (KHTML, like Gecko) Chrome/108.0.0.0 Safari/537.36"
::ffff:192.168.1.123 - - [20/Dec/2022:04:18:03 +0000] "GET /api/v1/units/63a1196367fd6047824f2a07 HTTP/1.1" 304 - "http://localhost:19006/" "Mozilla/5.0 (Macintosh; Intel Mac OS X 10_15_7) AppleWebKit/537.36 (KHTML, like Gecko) Chrome/108.0.0.0 Safari/537.36"
::ffff:192.168.1.134 - - [20/Dec/2022:04:18:31 +0000] "GET /api/v1/units/63a1196367fd6047824f2a07 HTTP/1.1" 304 - "-" "okhttp/4.9.2"
::ffff:192.168.1.134 - - [20/Dec/2022:04:19:11 +0000] "GET /api/v1/units/63a1196367fd6047824f2a07 HTTP/1.1" 304 - "-" "okhttp/4.9.2"
::ffff:192.168.1.134 - - [20/Dec/2022:04:19:15 +0000] "GET /api/v1/units/63a1196367fd6047824f2a07 HTTP/1.1" 304 - "-" "okhttp/4.9.2"
::ffff:192.168.1.134 - - [20/Dec/2022:04:19:36 +0000] "GET /api/v1/units/63a1196367fd6047824f2a07 HTTP/1.1" 304 - "-" "okhttp/4.9.2"
::ffff:192.168.1.134 - - [20/Dec/2022:04:19:56 +0000] "GET /api/v1/units/63a1196367fd6047824f2a07 HTTP/1.1" 304 - "-" "okhttp/4.9.2"
::ffff:192.168.1.134 - - [20/Dec/2022:04:20:09 +0000] "GET /api/v1/units/63a1196367fd6047824f2a07 HTTP/1.1" 304 - "-" "okhttp/4.9.2"
::ffff:192.168.1.134 - - [20/Dec/2022:04:20:30 +0000] "GET /api/v1/units/63a1196367fd6047824f2a07 HTTP/1.1" 304 - "-" "okhttp/4.9.2"
::ffff:192.168.1.123 - - [20/Dec/2022:04:20:42 +0000] "GET /api/v1/buildings HTTP/1.1" 304 - "http://localhost:19006/" "Mozilla/5.0 (Macintosh; Intel Mac OS X 10_15_7) AppleWebKit/537.36 (KHTML, like Gecko) Chrome/108.0.0.0 Safari/537.36"
::ffff:192.168.1.123 - - [20/Dec/2022:04:20:44 +0000] "GET /api/v1/units HTTP/1.1" 304 - "http://localhost:19006/" "Mozilla/5.0 (Macintosh; Intel Mac OS X 10_15_7) AppleWebKit/537.36 (KHTML, like Gecko) Chrome/108.0.0.0 Safari/537.36"
::ffff:192.168.1.123 - - [20/Dec/2022:04:20:46 +0000] "GET /api/v1/units/63a1196367fd6047824f2a07 HTTP/1.1" 304 - "http://localhost:19006/" "Mozilla/5.0 (Macintosh; Intel Mac OS X 10_15_7) AppleWebKit/537.36 (KHTML, like Gecko) Chrome/108.0.0.0 Safari/537.36"
::ffff:192.168.1.123 - - [20/Dec/2022:04:20:47 +0000] "GET /api/v1/units/63a1196367fd6047824f2a07 HTTP/1.1" 304 - "http://localhost:19006/" "Mozilla/5.0 (Macintosh; Intel Mac OS X 10_15_7) AppleWebKit/537.36 (KHTML, like Gecko) Chrome/108.0.0.0 Safari/537.36"
::ffff:192.168.1.123 - - [20/Dec/2022:04:21:21 +0000] "PUT /api/v1/units/63a1196367fd6047824f2a07 HTTP/1.1" 200 2256 "http://localhost:19006/" "Mozilla/5.0 (Macintosh; Intel Mac OS X 10_15_7) AppleWebKit/537.36 (KHTML, like Gecko) Chrome/108.0.0.0 Safari/537.36"
::ffff:192.168.1.134 - - [20/Dec/2022:04:24:28 +0000] "GET /api/v1/units/63a1196367fd6047824f2a07 HTTP/1.1" 304 - "-" "okhttp/4.9.2"
::ffff:192.168.1.134 - - [20/Dec/2022:04:25:38 +0000] "GET /api/v1/units/63a1196367fd6047824f2a07 HTTP/1.1" 304 - "-" "okhttp/4.9.2"
::ffff:192.168.1.134 - - [20/Dec/2022:04:26:11 +0000] "GET /api/v1/units/63a1196367fd6047824f2a07 HTTP/1.1" 304 - "-" "okhttp/4.9.2"
::ffff:192.168.1.134 - - [20/Dec/2022:04:26:42 +0000] "GET /api/v1/units/63a1196367fd6047824f2a07 HTTP/1.1" 304 - "-" "okhttp/4.9.2"
::ffff:192.168.1.134 - - [20/Dec/2022:04:27:18 +0000] "GET /api/v1/units/63a1196367fd6047824f2a07 HTTP/1.1" 304 - "-" "okhttp/4.9.2"
::ffff:192.168.1.134 - - [20/Dec/2022:04:27:22 +0000] "GET /api/v1/units/63a1196367fd6047824f2a07 HTTP/1.1" 304 - "-" "okhttp/4.9.2"
::ffff:192.168.1.123 - - [20/Dec/2022:04:27:28 +0000] "GET /api/v1/buildings HTTP/1.1" 304 - "http://localhost:19006/" "Mozilla/5.0 (Macintosh; Intel Mac OS X 10_15_7) AppleWebKit/537.36 (KHTML, like Gecko) Chrome/108.0.0.0 Safari/537.36"
::ffff:192.168.1.123 - - [20/Dec/2022:04:27:31 +0000] "GET /api/v1/units HTTP/1.1" 304 - "http://localhost:19006/" "Mozilla/5.0 (Macintosh; Intel Mac OS X 10_15_7) AppleWebKit/537.36 (KHTML, like Gecko) Chrome/108.0.0.0 Safari/537.36"
::ffff:192.168.1.123 - - [20/Dec/2022:04:27:33 +0000] "GET /api/v1/units/63a1196367fd6047824f2a07 HTTP/1.1" 200 2257 "http://localhost:19006/" "Mozilla/5.0 (Macintosh; Intel Mac OS X 10_15_7) AppleWebKit/537.36 (KHTML, like Gecko) Chrome/108.0.0.0 Safari/537.36"
::ffff:192.168.1.123 - - [20/Dec/2022:04:27:34 +0000] "GET /api/v1/units/63a1196367fd6047824f2a07 HTTP/1.1" 304 - "http://localhost:19006/" "Mozilla/5.0 (Macintosh; Intel Mac OS X 10_15_7) AppleWebKit/537.36 (KHTML, like Gecko) Chrome/108.0.0.0 Safari/537.36"
::ffff:192.168.1.134 - - [20/Dec/2022:04:56:46 +0000] "GET /api/v1/units/63a1196367fd6047824f2a07 HTTP/1.1" 304 - "-" "okhttp/4.9.2"
::ffff:192.168.1.123 - - [20/Dec/2022:04:56:49 +0000] "GET /api/v1/buildings HTTP/1.1" 304 - "http://localhost:19006/" "Mozilla/5.0 (Macintosh; Intel Mac OS X 10_15_7) AppleWebKit/537.36 (KHTML, like Gecko) Chrome/108.0.0.0 Safari/537.36"
::ffff:192.168.1.123 - - [20/Dec/2022:04:56:51 +0000] "GET /api/v1/units HTTP/1.1" 304 - "http://localhost:19006/" "Mozilla/5.0 (Macintosh; Intel Mac OS X 10_15_7) AppleWebKit/537.36 (KHTML, like Gecko) Chrome/108.0.0.0 Safari/537.36"
::ffff:192.168.1.123 - - [20/Dec/2022:04:56:53 +0000] "GET /api/v1/units/63a1196367fd6047824f2a07 HTTP/1.1" 304 - "http://localhost:19006/" "Mozilla/5.0 (Macintosh; Intel Mac OS X 10_15_7) AppleWebKit/537.36 (KHTML, like Gecko) Chrome/108.0.0.0 Safari/537.36"
::ffff:192.168.1.123 - - [20/Dec/2022:04:56:53 +0000] "GET /api/v1/units/63a1196367fd6047824f2a07 HTTP/1.1" 304 - "http://localhost:19006/" "Mozilla/5.0 (Macintosh; Intel Mac OS X 10_15_7) AppleWebKit/537.36 (KHTML, like Gecko) Chrome/108.0.0.0 Safari/537.36"
::ffff:192.168.1.134 - - [20/Dec/2022:04:57:08 +0000] "GET /api/v1/units/63a1196367fd6047824f2a07 HTTP/1.1" 304 - "-" "okhttp/4.9.2"
::ffff:192.168.1.134 - - [20/Dec/2022:05:03:16 +0000] "GET /api/v1/units/63a1196367fd6047824f2a07 HTTP/1.1" 304 - "-" "okhttp/4.9.2"
::ffff:192.168.1.123 - - [20/Dec/2022:05:03:26 +0000] "GET /api/v1/buildings HTTP/1.1" 304 - "http://localhost:19006/" "Mozilla/5.0 (Macintosh; Intel Mac OS X 10_15_7) AppleWebKit/537.36 (KHTML, like Gecko) Chrome/108.0.0.0 Safari/537.36"
::ffff:192.168.1.123 - - [20/Dec/2022:05:03:28 +0000] "GET /api/v1/units HTTP/1.1" 304 - "http://localhost:19006/" "Mozilla/5.0 (Macintosh; Intel Mac OS X 10_15_7) AppleWebKit/537.36 (KHTML, like Gecko) Chrome/108.0.0.0 Safari/537.36"
::ffff:192.168.1.123 - - [20/Dec/2022:05:03:29 +0000] "GET /api/v1/units/63a1196367fd6047824f2a07 HTTP/1.1" 304 - "http://localhost:19006/" "Mozilla/5.0 (Macintosh; Intel Mac OS X 10_15_7) AppleWebKit/537.36 (KHTML, like Gecko) Chrome/108.0.0.0 Safari/537.36"
::ffff:192.168.1.123 - - [20/Dec/2022:05:03:31 +0000] "GET /api/v1/units/63a1196367fd6047824f2a07 HTTP/1.1" 304 - "http://localhost:19006/" "Mozilla/5.0 (Macintosh; Intel Mac OS X 10_15_7) AppleWebKit/537.36 (KHTML, like Gecko) Chrome/108.0.0.0 Safari/537.36"
::ffff:192.168.1.134 - - [20/Dec/2022:05:04:01 +0000] "GET /api/v1/units/63a1196367fd6047824f2a07 HTTP/1.1" 304 - "-" "okhttp/4.9.2"
::ffff:192.168.1.123 - - [20/Dec/2022:05:04:04 +0000] "GET /api/v1/buildings HTTP/1.1" 304 - "http://localhost:19006/" "Mozilla/5.0 (Macintosh; Intel Mac OS X 10_15_7) AppleWebKit/537.36 (KHTML, like Gecko) Chrome/108.0.0.0 Safari/537.36"
::ffff:192.168.1.123 - - [20/Dec/2022:05:04:06 +0000] "GET /api/v1/units HTTP/1.1" 304 - "http://localhost:19006/" "Mozilla/5.0 (Macintosh; Intel Mac OS X 10_15_7) AppleWebKit/537.36 (KHTML, like Gecko) Chrome/108.0.0.0 Safari/537.36"
::ffff:192.168.1.123 - - [20/Dec/2022:05:04:07 +0000] "GET /api/v1/units/63a1196367fd6047824f2a07 HTTP/1.1" 304 - "http://localhost:19006/" "Mozilla/5.0 (Macintosh; Intel Mac OS X 10_15_7) AppleWebKit/537.36 (KHTML, like Gecko) Chrome/108.0.0.0 Safari/537.36"
::ffff:192.168.1.123 - - [20/Dec/2022:05:04:08 +0000] "GET /api/v1/units/63a1196367fd6047824f2a07 HTTP/1.1" 304 - "http://localhost:19006/" "Mozilla/5.0 (Macintosh; Intel Mac OS X 10_15_7) AppleWebKit/537.36 (KHTML, like Gecko) Chrome/108.0.0.0 Safari/537.36"
::ffff:192.168.1.134 - - [20/Dec/2022:05:04:54 +0000] "GET /api/v1/units/63a1196367fd6047824f2a07 HTTP/1.1" 304 - "-" "okhttp/4.9.2"
::ffff:192.168.1.134 - - [20/Dec/2022:05:05:24 +0000] "GET /api/v1/units/63a1196367fd6047824f2a07 HTTP/1.1" 304 - "-" "okhttp/4.9.2"
::ffff:192.168.1.123 - - [20/Dec/2022:05:05:26 +0000] "GET /api/v1/buildings HTTP/1.1" 304 - "http://localhost:19006/" "Mozilla/5.0 (Macintosh; Intel Mac OS X 10_15_7) AppleWebKit/537.36 (KHTML, like Gecko) Chrome/108.0.0.0 Safari/537.36"
::ffff:192.168.1.123 - - [20/Dec/2022:05:05:28 +0000] "GET /api/v1/units HTTP/1.1" 304 - "http://localhost:19006/" "Mozilla/5.0 (Macintosh; Intel Mac OS X 10_15_7) AppleWebKit/537.36 (KHTML, like Gecko) Chrome/108.0.0.0 Safari/537.36"
::ffff:192.168.1.123 - - [20/Dec/2022:05:05:31 +0000] "GET /api/v1/units/63a1196367fd6047824f2a07 HTTP/1.1" 304 - "http://localhost:19006/" "Mozilla/5.0 (Macintosh; Intel Mac OS X 10_15_7) AppleWebKit/537.36 (KHTML, like Gecko) Chrome/108.0.0.0 Safari/537.36"
::ffff:192.168.1.123 - - [20/Dec/2022:05:05:32 +0000] "GET /api/v1/units/63a1196367fd6047824f2a07 HTTP/1.1" 304 - "http://localhost:19006/" "Mozilla/5.0 (Macintosh; Intel Mac OS X 10_15_7) AppleWebKit/537.36 (KHTML, like Gecko) Chrome/108.0.0.0 Safari/537.36"
::ffff:192.168.1.134 - - [20/Dec/2022:05:05:59 +0000] "GET /api/v1/units/63a1196367fd6047824f2a07 HTTP/1.1" 304 - "-" "okhttp/4.9.2"
::ffff:192.168.1.123 - - [20/Dec/2022:05:06:03 +0000] "GET /api/v1/buildings HTTP/1.1" 304 - "http://localhost:19006/" "Mozilla/5.0 (Macintosh; Intel Mac OS X 10_15_7) AppleWebKit/537.36 (KHTML, like Gecko) Chrome/108.0.0.0 Safari/537.36"
::ffff:192.168.1.123 - - [20/Dec/2022:05:06:04 +0000] "GET /api/v1/units HTTP/1.1" 304 - "http://localhost:19006/" "Mozilla/5.0 (Macintosh; Intel Mac OS X 10_15_7) AppleWebKit/537.36 (KHTML, like Gecko) Chrome/108.0.0.0 Safari/537.36"
::ffff:192.168.1.123 - - [20/Dec/2022:05:06:06 +0000] "GET /api/v1/units/63a1196367fd6047824f2a07 HTTP/1.1" 304 - "http://localhost:19006/" "Mozilla/5.0 (Macintosh; Intel Mac OS X 10_15_7) AppleWebKit/537.36 (KHTML, like Gecko) Chrome/108.0.0.0 Safari/537.36"
::ffff:192.168.1.123 - - [20/Dec/2022:05:06:08 +0000] "GET /api/v1/units/63a1196367fd6047824f2a07 HTTP/1.1" 304 - "http://localhost:19006/" "Mozilla/5.0 (Macintosh; Intel Mac OS X 10_15_7) AppleWebKit/537.36 (KHTML, like Gecko) Chrome/108.0.0.0 Safari/537.36"
::ffff:192.168.1.134 - - [20/Dec/2022:05:07:38 +0000] "GET /api/v1/units/63a1196367fd6047824f2a07 HTTP/1.1" 304 - "-" "okhttp/4.9.2"
::ffff:192.168.1.123 - - [20/Dec/2022:05:07:52 +0000] "GET /api/v1/buildings HTTP/1.1" 304 - "http://localhost:19006/" "Mozilla/5.0 (Macintosh; Intel Mac OS X 10_15_7) AppleWebKit/537.36 (KHTML, like Gecko) Chrome/108.0.0.0 Safari/537.36"
::ffff:192.168.1.123 - - [20/Dec/2022:05:07:54 +0000] "GET /api/v1/units HTTP/1.1" 304 - "http://localhost:19006/" "Mozilla/5.0 (Macintosh; Intel Mac OS X 10_15_7) AppleWebKit/537.36 (KHTML, like Gecko) Chrome/108.0.0.0 Safari/537.36"
::ffff:192.168.1.123 - - [20/Dec/2022:05:07:55 +0000] "GET /api/v1/units/63a1196367fd6047824f2a07 HTTP/1.1" 304 - "http://localhost:19006/" "Mozilla/5.0 (Macintosh; Intel Mac OS X 10_15_7) AppleWebKit/537.36 (KHTML, like Gecko) Chrome/108.0.0.0 Safari/537.36"
::ffff:192.168.1.123 - - [20/Dec/2022:05:07:57 +0000] "GET /api/v1/units/63a1196367fd6047824f2a07 HTTP/1.1" 304 - "http://localhost:19006/" "Mozilla/5.0 (Macintosh; Intel Mac OS X 10_15_7) AppleWebKit/537.36 (KHTML, like Gecko) Chrome/108.0.0.0 Safari/537.36"
::ffff:192.168.1.123 - - [20/Dec/2022:05:08:18 +0000] "PUT /api/v1/units/63a1196367fd6047824f2a07 HTTP/1.1" 200 2256 "http://localhost:19006/" "Mozilla/5.0 (Macintosh; Intel Mac OS X 10_15_7) AppleWebKit/537.36 (KHTML, like Gecko) Chrome/108.0.0.0 Safari/537.36"
::ffff:192.168.1.123 - - [20/Dec/2022:05:13:36 +0000] "GET /api/v1/buildings HTTP/1.1" 304 - "http://localhost:19006/" "Mozilla/5.0 (Macintosh; Intel Mac OS X 10_15_7) AppleWebKit/537.36 (KHTML, like Gecko) Chrome/108.0.0.0 Safari/537.36"
::ffff:192.168.1.123 - - [20/Dec/2022:05:13:37 +0000] "GET /api/v1/units HTTP/1.1" 304 - "http://localhost:19006/" "Mozilla/5.0 (Macintosh; Intel Mac OS X 10_15_7) AppleWebKit/537.36 (KHTML, like Gecko) Chrome/108.0.0.0 Safari/537.36"
